Archive member included because of file (symbol)

C:\Users\Renzey\AppData\Local\Arduino15\packages\arduino\hardware\sam\1.6.11\variants\arduino_due_x/libsam_sam3x8e_gcc_rel.a(pio.o)
                              c:\Users\Renzey\Workspaces\-NTU_FYP_Project_Files\ArduinoOutput\core\variant.cpp.o (PIO_Configure)
C:\Users\Renzey\AppData\Local\Arduino15\packages\arduino\hardware\sam\1.6.11\variants\arduino_due_x/libsam_sam3x8e_gcc_rel.a(pmc.o)
                              c:\Users\Renzey\Workspaces\-NTU_FYP_Project_Files\ArduinoOutput\core\variant.cpp.o (pmc_enable_periph_clk)
C:\Users\Renzey\AppData\Local\Arduino15\packages\arduino\hardware\sam\1.6.11\variants\arduino_due_x/libsam_sam3x8e_gcc_rel.a(system_sam3xa.o)
                              c:\Users\Renzey\Workspaces\-NTU_FYP_Project_Files\ArduinoOutput\core\variant.cpp.o (SystemInit)
C:\Users\Renzey\AppData\Local\Arduino15\packages\arduino\hardware\sam\1.6.11\variants\arduino_due_x/libsam_sam3x8e_gcc_rel.a(startup_sam3xa.o)
                              (Reset_Handler)
C:\Users\Renzey\AppData\Local\Arduino15\packages\arduino\hardware\sam\1.6.11\variants\arduino_due_x/libsam_sam3x8e_gcc_rel.a(adc.o)
                              c:\Users\Renzey\Workspaces\-NTU_FYP_Project_Files\ArduinoOutput\core\variant.cpp.o (adc_init)
C:\Users\Renzey\AppData\Local\Arduino15\packages\arduino\hardware\sam\1.6.11\variants\arduino_due_x/libsam_sam3x8e_gcc_rel.a(uotghs.o)
                              C:\Users\Renzey\AppData\Local\Arduino15\packages\arduino\hardware\sam\1.6.11\variants\arduino_due_x/libsam_sam3x8e_gcc_rel.a(startup_sam3xa.o) (UOTGHS_Handler)
c:\Users\Renzey\Workspaces\-NTU_FYP_Project_Files\ArduinoOutput/core\core.a(RingBuffer.cpp.o)
                              c:\Users\Renzey\Workspaces\-NTU_FYP_Project_Files\ArduinoOutput\core\variant.cpp.o (RingBuffer::RingBuffer())
c:\Users\Renzey\Workspaces\-NTU_FYP_Project_Files\ArduinoOutput/core\core.a(UARTClass.cpp.o)
                              c:\Users\Renzey\Workspaces\-NTU_FYP_Project_Files\ArduinoOutput\sketch\fyp_ard_fw_v01.ino.cpp.o (UARTClass::available())
c:\Users\Renzey\Workspaces\-NTU_FYP_Project_Files\ArduinoOutput/core\core.a(USARTClass.cpp.o)
                              c:\Users\Renzey\Workspaces\-NTU_FYP_Project_Files\ArduinoOutput\core\variant.cpp.o (USARTClass::USARTClass(Usart*, IRQn, unsigned long, RingBuffer*, RingBuffer*))
c:\Users\Renzey\Workspaces\-NTU_FYP_Project_Files\ArduinoOutput/core\core.a(WInterrupts.c.o)
                              C:\Users\Renzey\AppData\Local\Arduino15\packages\arduino\hardware\sam\1.6.11\variants\arduino_due_x/libsam_sam3x8e_gcc_rel.a(startup_sam3xa.o) (PIOA_Handler)
c:\Users\Renzey\Workspaces\-NTU_FYP_Project_Files\ArduinoOutput/core\core.a(abi.cpp.o)
                              c:\Users\Renzey\Workspaces\-NTU_FYP_Project_Files\ArduinoOutput/core\core.a(UARTClass.cpp.o) (__cxa_pure_virtual)
c:\Users\Renzey\Workspaces\-NTU_FYP_Project_Files\ArduinoOutput/core\core.a(cortex_handlers.c.o)
                              C:\Users\Renzey\AppData\Local\Arduino15\packages\arduino\hardware\sam\1.6.11\variants\arduino_due_x/libsam_sam3x8e_gcc_rel.a(startup_sam3xa.o) (NMI_Handler)
c:\Users\Renzey\Workspaces\-NTU_FYP_Project_Files\ArduinoOutput/core\core.a(hooks.c.o)
                              c:\Users\Renzey\Workspaces\-NTU_FYP_Project_Files\ArduinoOutput/core\core.a(cortex_handlers.c.o) (sysTickHook)
c:\Users\Renzey\Workspaces\-NTU_FYP_Project_Files\ArduinoOutput/core\core.a(main.cpp.o)
                              c:/users/renzey/appdata/local/arduino15/packages/arduino/tools/arm-none-eabi-gcc/4.8.3-2014q1/bin/../lib/gcc/arm-none-eabi/4.8.3/../../../../arm-none-eabi/lib/armv7-m/crt0.o (main)
c:\Users\Renzey\Workspaces\-NTU_FYP_Project_Files\ArduinoOutput/core\core.a(syscalls_sam3.c.o)
                              (_sbrk)
c:\Users\Renzey\Workspaces\-NTU_FYP_Project_Files\ArduinoOutput/core\core.a(watchdog.cpp.o)
                              c:\Users\Renzey\Workspaces\-NTU_FYP_Project_Files\ArduinoOutput/core\core.a(main.cpp.o) (watchdogSetup())
c:\Users\Renzey\Workspaces\-NTU_FYP_Project_Files\ArduinoOutput/core\core.a(wiring.c.o)
                              c:\Users\Renzey\Workspaces\-NTU_FYP_Project_Files\ArduinoOutput\sketch\fyp_ard_fw_v01.ino.cpp.o (delay)
c:\Users\Renzey\Workspaces\-NTU_FYP_Project_Files\ArduinoOutput/core\core.a(wiring_analog.c.o)
                              c:\Users\Renzey\Workspaces\-NTU_FYP_Project_Files\ArduinoOutput\core\variant.cpp.o (analogOutputInit)
c:\Users\Renzey\Workspaces\-NTU_FYP_Project_Files\ArduinoOutput/core\core.a(wiring_digital.c.o)
                              c:\Users\Renzey\Workspaces\-NTU_FYP_Project_Files\ArduinoOutput\sketch\fyp_ard_fw_v01.ino.cpp.o (pinMode)
c:\Users\Renzey\Workspaces\-NTU_FYP_Project_Files\ArduinoOutput/core\core.a(Print.cpp.o)
[...]
Memory Configuration

Name             Origin             Length             Attributes
rom              0x00080000         0x00080000         xr
sram0            0x20000000         0x00010000         xrw
sram1            0x20080000         0x00008000         xrw
ram              0x20070000         0x00018000         xrw
*default*        0x00000000         0xffffffff

Linker script and memory map

LOAD c:/users/renzey/appdata/local/arduino15/packages/arduino/tools/arm-none-eabi-gcc/4.8.3-2014q1/bin/../lib/gcc/arm-none-eabi/4.8.3/armv7-m/crti.o
LOAD c:/users/renzey/appdata/local/arduino15/packages/arduino/tools/arm-none-eabi-gcc/4.8.3-2014q1/bin/../lib/gcc/arm-none-eabi/4.8.3/armv7-m/crtbegin.o
LOAD c:/users/renzey/appdata/local/arduino15/packages/arduino/tools/arm-none-eabi-gcc/4.8.3-2014q1/bin/../lib/gcc/arm-none-eabi/4.8.3/../../../../arm-none-eabi/lib/armv7-m/crt0.o
START GROUP
LOAD c:\Users\Renzey\Workspaces\-NTU_FYP_Project_Files\ArduinoOutput\sketch\fyp_ard_fw_v01.ino.cpp.o
LOAD c:\Users\Renzey\Workspaces\-NTU_FYP_Project_Files\ArduinoOutput\core\variant.cpp.o
LOAD C:\Users\Renzey\AppData\Local\Arduino15\packages\arduino\hardware\sam\1.6.11\variants\arduino_due_x/libsam_sam3x8e_gcc_rel.a
LOAD c:\Users\Renzey\Workspaces\-NTU_FYP_Project_Files\ArduinoOutput/core\core.a
END GROUP
LOAD c:/users/renzey/appdata/local/arduino15/packages/arduino/tools/arm-none-eabi-gcc/4.8.3-2014q1/bin/../lib/gcc/arm-none-eabi/4.8.3/../../../../arm-none-eabi/lib/armv7-m\libm.a
START GROUP
LOAD c:/users/renzey/appdata/local/arduino15/packages/arduino/tools/arm-none-eabi-gcc/4.8.3-2014q1/bin/../lib/gcc/arm-none-eabi/4.8.3/armv7-m\libgcc.a
LOAD c:/users/renzey/appdata/local/arduino15/packages/arduino/tools/arm-none-eabi-gcc/4.8.3-2014q1/bin/../lib/gcc/arm-none-eabi/4.8.3/../../../../arm-none-eabi/lib/armv7-m\libg.a
LOAD c:/users/renzey/appdata/local/arduino15/packages/arduino/tools/arm-none-eabi-gcc/4.8.3-2014q1/bin/../lib/gcc/arm-none-eabi/4.8.3/../../../../arm-none-eabi/lib/armv7-m\libc.a
END GROUP
LOAD c:/users/renzey/appdata/local/arduino15/packages/arduino/tools/arm-none-eabi-gcc/4.8.3-2014q1/bin/../lib/gcc/arm-none-eabi/4.8.3/armv7-m/crtend.o
LOAD c:/users/renzey/appdata/local/arduino15/packages/arduino/tools/arm-none-eabi-gcc/4.8.3-2014q1/bin/../lib/gcc/arm-none-eabi/4.8.3/armv7-m/crtn.o

.text           0x00080000     0x57fc
                0x00080000                . = ALIGN (0x4)
                0x00080000                _sfixed = .
 *(.vectors .vectors.*)
 .vectors       0x00080000       0xf4 C:\Users\Renzey\AppData\Local\Arduino15\packages\arduino\hardware\sam\1.6.11\variants\arduino_due_x/libsam_sam3x8e_gcc_rel.a(startup_sam3xa.o)
                0x00080000                exception_table
 *(.text .text.* .gnu.linkonce.t.*)
 .text          0x000800f4       0x54 c:/users/renzey/appdata/local/arduino15/packages/arduino/tools/arm-none-eabi-gcc/4.8.3-2014q1/bin/../lib/gcc/arm-none-eabi/4.8.3/armv7-m/crtbegin.o
 .text._Z10usbSendMSGP11SENDMessage
                0x00080148       0x64 c:\Users\Renzey\Workspaces\-NTU_FYP_Project_Files\ArduinoOutput\sketch\fyp_ard_fw_v01.ino.cpp.o
                0x00080148                usbSendMSG(SENDMessage*)
 .text.setup    0x000801ac       0x68 c:\Users\Renzey\Workspaces\-NTU_FYP_Project_Files\ArduinoOutput\sketch\fyp_ard_fw_v01.ino.cpp.o
                0x000801ac                setup
 .text._Z13usbReceiveMSGP11RCVDMessage
                0x00080214       0x94 c:\Users\Renzey\Workspaces\-NTU_FYP_Project_Files\ArduinoOutput\sketch\fyp_ard_fw_v01.ino.cpp.o
                0x00080214                usbReceiveMSG(RCVDMessage*)
 .text.loop     0x000802a8       0x60 c:\Users\Renzey\Workspaces\-NTU_FYP_Project_Files\ArduinoOutput\sketch\fyp_ard_fw_v01.ino.cpp.o
                0x000802a8                loop
 .text._Z11serialEventv
                0x00080308        0x2 c:\Users\Renzey\Workspaces\-NTU_FYP_Project_Files\ArduinoOutput\core\variant.cpp.o
                0x00080308                serialEvent()
 *fill*         0x0008030a        0x2 
 .text.UART_Handler
                0x0008030c        0xc c:\Users\Renzey\Workspaces\-NTU_FYP_Project_Files\ArduinoOutput\core\variant.cpp.o
                0x0008030c                UART_Handler
 .text._Z12serialEvent1v
                0x00080318        0x2 c:\Users\Renzey\Workspaces\-NTU_FYP_Project_Files\ArduinoOutput\core\variant.cpp.o
                0x00080318                serialEvent1()
 .text._Z12serialEvent2v
                0x0008031a        0x2 c:\Users\Renzey\Workspaces\-NTU_FYP_Project_Files\ArduinoOutput\core\variant.cpp.o
                0x0008031a                serialEvent2()
 .text._Z12serialEvent3v
                0x0008031c        0x2 c:\Users\Renzey\Workspaces\-NTU_FYP_Project_Files\ArduinoOutput\core\variant.cpp.o
                0x0008031c                serialEvent3()
 *fill*         0x0008031e        0x2 
 .text.USART0_Handler
                0x00080320        0xc c:\Users\Renzey\Workspaces\-NTU_FYP_Project_Files\ArduinoOutput\core\variant.cpp.o
                0x00080320                USART0_Handler
 .text.USART1_Handler
                0x0008032c        0xc c:\Users\Renzey\Workspaces\-NTU_FYP_Project_Files\ArduinoOutput\core\variant.cpp.o
                0x0008032c                USART1_Handler
 .text.USART3_Handler
                0x00080338        0xc c:\Users\Renzey\Workspaces\-NTU_FYP_Project_Files\ArduinoOutput\core\variant.cpp.o
                0x00080338                USART3_Handler
 .text.init     0x00080344      0x128 c:\Users\Renzey\Workspaces\-NTU_FYP_Project_Files\ArduinoOutput\core\variant.cpp.o
                0x00080344                init
 .text.startup._GLOBAL__sub_I_g_APinDescription
                0x0008046c       0xd4 c:\Users\Renzey\Workspaces\-NTU_FYP_Project_Files\ArduinoOutput\core\variant.cpp.o
 .text._Z14serialEventRunv
                0x00080540       0x44 c:\Users\Renzey\Workspaces\-NTU_FYP_Project_Files\ArduinoOutput\core\variant.cpp.o
                0x00080540                serialEventRun()
 .text.PIO_PullUp
                0x00080584        0xa C:\Users\Renzey\AppData\Local\Arduino15\packages\arduino\hardware\sam\1.6.11\variants\arduino_due_x/libsam_sam3x8e_gcc_rel.a(pio.o)
                0x00080584                PIO_PullUp
 .text.PIO_SetPeripheral
                0x0008058e       0x26 C:\Users\Renzey\AppData\Local\Arduino15\packages\arduino\hardware\sam\1.6.11\variants\arduino_due_x/libsam_sam3x8e_gcc_rel.a(pio.o)
                0x0008058e                PIO_SetPeripheral
 .text.PIO_SetInput
                0x000805b4       0x26 C:\Users\Renzey\AppData\Local\Arduino15\packages\arduino\hardware\sam\1.6.11\variants\arduino_due_x/libsam_sam3x8e_gcc_rel.a(pio.o)
                0x000805b4                PIO_SetInput
 .text.PIO_SetOutput
                0x000805da       0x24 C:\Users\Renzey\AppData\Local\Arduino15\packages\arduino\hardware\sam\1.6.11\variants\arduino_due_x/libsam_sam3x8e_gcc_rel.a(pio.o)
                0x000805da                PIO_SetOutput
 *fill*         0x000805fe        0x2 
 .text.PIO_Configure
                0x00080600       0x64 C:\Users\Renzey\AppData\Local\Arduino15\packages\arduino\hardware\sam\1.6.11\variants\arduino_due_x/libsam_sam3x8e_gcc_rel.a(pio.o)
                0x00080600                PIO_Configure
 .text.PIO_GetOutputDataStatus
                0x00080664       0x14 C:\Users\Renzey\AppData\Local\Arduino15\packages\arduino\hardware\sam\1.6.11\variants\arduino_due_x/libsam_sam3x8e_gcc_rel.a(pio.o)
                0x00080664                PIO_GetOutputDataStatus
 .text.pmc_enable_upll_clock
                0x00080678       0x14 C:\Users\Renzey\AppData\Local\Arduino15\packages\arduino\hardware\sam\1.6.11\variants\arduino_due_x/libsam_sam3x8e_gcc_rel.a(pmc.o)
                0x00080678                pmc_enable_upll_clock
 .text.pmc_enable_periph_clk
                0x0008068c       0x44 C:\Users\Renzey\AppData\Local\Arduino15\packages\arduino\hardware\sam\1.6.11\variants\arduino_due_x/libsam_sam3x8e_gcc_rel.a(pmc.o)
                0x0008068c                pmc_enable_periph_clk
 .text.pmc_disable_periph_clk
                0x000806d0       0x40 C:\Users\Renzey\AppData\Local\Arduino15\packages\arduino\hardware\sam\1.6.11\variants\arduino_due_x/libsam_sam3x8e_gcc_rel.a(pmc.o)
                0x000806d0                pmc_disable_periph_clk
 .text.pmc_switch_udpck_to_upllck
                0x00080710       0x14 C:\Users\Renzey\AppData\Local\Arduino15\packages\arduino\hardware\sam\1.6.11\variants\arduino_due_x/libsam_sam3x8e_gcc_rel.a(pmc.o)
                0x00080710                pmc_switch_udpck_to_upllck
 .text.pmc_enable_udpck
                0x00080724        0xc C:\Users\Renzey\AppData\Local\Arduino15\packages\arduino\hardware\sam\1.6.11\variants\arduino_due_x/libsam_sam3x8e_gcc_rel.a(pmc.o)
                0x00080724                pmc_enable_udpck
 .text.SystemInit
                0x00080730       0x88 C:\Users\Renzey\AppData\Local\Arduino15\packages\arduino\hardware\sam\1.6.11\variants\arduino_due_x/libsam_sam3x8e_gcc_rel.a(system_sam3xa.o)
                0x00080730                SystemInit
 .text.Reset_Handler
                0x000807b8       0x78 C:\Users\Renzey\AppData\Local\Arduino15\packages\arduino\hardware\sam\1.6.11\variants\arduino_due_x/libsam_sam3x8e_gcc_rel.a(startup_sam3xa.o)
                0x000807b8                Reset_Handler
 .text.adc_init
                0x00080830       0x98 C:\Users\Renzey\AppData\Local\Arduino15\packages\arduino\hardware\sam\1.6.11\variants\arduino_due_x/libsam_sam3x8e_gcc_rel.a(adc.o)
                0x00080830                adc_init
 .text.adc_configure_trigger
                0x000808c8        0xe C:\Users\Renzey\AppData\Local\Arduino15\packages\arduino\hardware\sam\1.6.11\variants\arduino_due_x/libsam_sam3x8e_gcc_rel.a(adc.o)
                0x000808c8                adc_configure_trigger
 .text.adc_configure_timing
                0x000808d6       0x1a C:\Users\Renzey\AppData\Local\Arduino15\packages\arduino\hardware\sam\1.6.11\variants\arduino_due_x/libsam_sam3x8e_gcc_rel.a(adc.o)
                0x000808d6                adc_configure_timing
 .text.adc_disable_channel
                0x000808f0        0xa C:\Users\Renzey\AppData\Local\Arduino15\packages\arduino\hardware\sam\1.6.11\variants\arduino_due_x/libsam_sam3x8e_gcc_rel.a(adc.o)
                0x000808f0                adc_disable_channel
 .text.adc_disable_all_channel
                0x000808fa        0x8 C:\Users\Renzey\AppData\Local\Arduino15\packages\arduino\hardware\sam\1.6.11\variants\arduino_due_x/libsam_sam3x8e_gcc_rel.a(adc.o)
                0x000808fa                adc_disable_all_channel
 .text.adc_disable_interrupt
                0x00080902        0x4 C:\Users\Renzey\AppData\Local\Arduino15\packages\arduino\hardware\sam\1.6.11\variants\arduino_due_x/libsam_sam3x8e_gcc_rel.a(adc.o)
                0x00080902                adc_disable_interrupt
 *fill*         0x00080906        0x2 
 .text.UOTGHS_Handler
                0x00080908       0x10 C:\Users\Renzey\AppData\Local\Arduino15\packages\arduino\hardware\sam\1.6.11\variants\arduino_due_x/libsam_sam3x8e_gcc_rel.a(uotghs.o)
                0x00080908                UOTGHS_Handler
 .text._ZN10RingBufferC2Ev
                0x00080918       0x1a c:\Users\Renzey\Workspaces\-NTU_FYP_Project_Files\ArduinoOutput/core\core.a(RingBuffer.cpp.o)
                0x00080918                RingBuffer::RingBuffer()
                0x00080918                RingBuffer::RingBuffer()
 .text._ZN10RingBuffer10store_charEh
                0x00080932       0x1e c:\Users\Renzey\Workspaces\-NTU_FYP_Project_Files\ArduinoOutput/core\core.a(RingBuffer.cpp.o)
                0x00080932                RingBuffer::store_char(unsigned char)
 .text._ZN9UARTClasscvbEv
                0x00080950        0x4 c:\Users\Renzey\Workspaces\-NTU_FYP_Project_Files\ArduinoOutput/core\core.a(UARTClass.cpp.o)
                0x00080950                UARTClass::operator bool()
 .text._ZN9UARTClass9availableEv
                0x00080954       0x12 c:\Users\Renzey\Workspaces\-NTU_FYP_Project_Files\ArduinoOutput/core\core.a(UARTClass.cpp.o)
                0x00080954                UARTClass::available()
 .text._ZN9UARTClass4peekEv
                0x00080966       0x1c c:\Users\Renzey\Workspaces\-NTU_FYP_Project_Files\ArduinoOutput/core\core.a(UARTClass.cpp.o)
                0x00080966                UARTClass::peek()
 .text._ZN9UARTClass4readEv
                0x00080982       0x2a c:\Users\Renzey\Workspaces\-NTU_FYP_Project_Files\ArduinoOutput/core\core.a(UARTClass.cpp.o)
                0x00080982                UARTClass::read()
 .text._ZN9UARTClass5flushEv
                0x000809ac       0x18 c:\Users\Renzey\Workspaces\-NTU_FYP_Project_Files\ArduinoOutput/core\core.a(UARTClass.cpp.o)
                0x000809ac                UARTClass::flush()
 .text._ZN9UARTClass5writeEh
                0x000809c4       0x54 c:\Users\Renzey\Workspaces\-NTU_FYP_Project_Files\ArduinoOutput/core\core.a(UARTClass.cpp.o)
                0x000809c4                UARTClass::write(unsigned char)
 .text._ZN9UARTClass3endEv
                0x00080a18       0x3c c:\Users\Renzey\Workspaces\-NTU_FYP_Project_Files\ArduinoOutput/core\core.a(UARTClass.cpp.o)
                0x00080a18                UARTClass::end()
 .text._ZN9UARTClassC2EP4Uart4IRQnmP10RingBufferS4_
                0x00080a54       0x24 c:\Users\Renzey\Workspaces\-NTU_FYP_Project_Files\ArduinoOutput/core\core.a(UARTClass.cpp.o)
                0x00080a54                UARTClass::UARTClass(Uart*, IRQn, unsigned long, RingBuffer*, RingBuffer*)
                0x00080a54                UARTClass::UARTClass(Uart*, IRQn, unsigned long, RingBuffer*, RingBuffer*)
 .text._ZN9UARTClass4initEmm
                0x00080a78       0x70 c:\Users\Renzey\Workspaces\-NTU_FYP_Project_Files\ArduinoOutput/core\core.a(UARTClass.cpp.o)
                0x00080a78                UARTClass::init(unsigned long, unsigned long)
 .text._ZN9UARTClass5beginEm
                0x00080ae8        0x8 c:\Users\Renzey\Workspaces\-NTU_FYP_Project_Files\ArduinoOutput/core\core.a(UARTClass.cpp.o)
                0x00080ae8                UARTClass::begin(unsigned long)
 .text._ZN9UARTClass10IrqHandlerEv
                0x00080af0       0x5a c:\Users\Renzey\Workspaces\-NTU_FYP_Project_Files\ArduinoOutput/core\core.a(UARTClass.cpp.o)
                0x00080af0                UARTClass::IrqHandler()
 .text._ZN10USARTClass5beginEm
                0x00080b4a        0x8 c:\Users\Renzey\Workspaces\-NTU_FYP_Project_Files\ArduinoOutput/core\core.a(USARTClass.cpp.o)
                0x00080b4a                USARTClass::begin(unsigned long)
 *fill*         0x00080b52        0x2 
 .text._ZN10USARTClassC2EP5Usart4IRQnmP10RingBufferS4_
                0x00080b54       0x24 c:\Users\Renzey\Workspaces\-NTU_FYP_Project_Files\ArduinoOutput/core\core.a(USARTClass.cpp.o)
                0x00080b54                USARTClass::USARTClass(Usart*, IRQn, unsigned long, RingBuffer*, RingBuffer*)
                0x00080b54                USARTClass::USARTClass(Usart*, IRQn, unsigned long, RingBuffer*, RingBuffer*)
 .text.PIOA_Handler
                0x00080b78       0x38 c:\Users\Renzey\Workspaces\-NTU_FYP_Project_Files\ArduinoOutput/core\core.a(WInterrupts.c.o)
                0x00080b78                PIOA_Handler
 .text.PIOB_Handler
                0x00080bb0       0x38 c:\Users\Renzey\Workspaces\-NTU_FYP_Project_Files\ArduinoOutput/core\core.a(WInterrupts.c.o)
                0x00080bb0                PIOB_Handler
 .text.PIOC_Handler
                0x00080be8       0x38 c:\Users\Renzey\Workspaces\-NTU_FYP_Project_Files\ArduinoOutput/core\core.a(WInterrupts.c.o)
                0x00080be8                PIOC_Handler
 .text.PIOD_Handler
                0x00080c20       0x38 c:\Users\Renzey\Workspaces\-NTU_FYP_Project_Files\ArduinoOutput/core\core.a(WInterrupts.c.o)
                0x00080c20                PIOD_Handler
 .text.__halt   0x00080c58        0x2 c:\Users\Renzey\Workspaces\-NTU_FYP_Project_Files\ArduinoOutput/core\core.a(cortex_handlers.c.o)
                0x00080c58                DACC_Handler
                0x00080c58                DebugMon_Handler
                0x00080c58                DMAC_Handler
                0x00080c58                TRNG_Handler
                0x00080c58                HardFault_Handler
                0x00080c58                TC2_Handler
                0x00080c58                TWI1_Handler
                0x00080c58                NMI_Handler
                0x00080c58                TC7_Handler
                0x00080c58                ADC_Handler
                0x00080c58                SMC_Handler
                0x00080c58                RTT_Handler
                0x00080c58                EFC1_Handler
                0x00080c58                RTC_Handler
                0x00080c58                UsageFault_Handler
                0x00080c58                TC6_Handler
                0x00080c58                WDT_Handler
                0x00080c58                CAN0_Handler
                0x00080c58                TC4_Handler
                0x00080c58                TC1_Handler
                0x00080c58                HSMCI_Handler
                0x00080c58                TC3_Handler
                0x00080c58                TWI0_Handler
                0x00080c58                SSC_Handler
                0x00080c58                EFC0_Handler
                0x00080c58                PMC_Handler
                0x00080c58                PWM_Handler
                0x00080c58                CAN1_Handler
                0x00080c58                MemManage_Handler
                0x00080c58                SUPC_Handler
                0x00080c58                TC8_Handler
                0x00080c58                USART2_Handler
                0x00080c58                EMAC_Handler
                0x00080c58                BusFault_Handler
                0x00080c58                RSTC_Handler
                0x00080c58                TC0_Handler
                0x00080c58                TC5_Handler
                0x00080c58                SPI0_Handler
 .text.SVC_Handler
                0x00080c5a        0x4 c:\Users\Renzey\Workspaces\-NTU_FYP_Project_Files\ArduinoOutput/core\core.a(cortex_handlers.c.o)
                0x00080c5a                SVC_Handler
 .text.PendSV_Handler
                0x00080c5e        0x4 c:\Users\Renzey\Workspaces\-NTU_FYP_Project_Files\ArduinoOutput/core\core.a(cortex_handlers.c.o)
                0x00080c5e                PendSV_Handler
 .text.SysTick_Handler
                0x00080c62       0x16 c:\Users\Renzey\Workspaces\-NTU_FYP_Project_Files\ArduinoOutput/core\core.a(cortex_handlers.c.o)
                0x00080c62                SysTick_Handler
 .text.__empty  0x00080c78        0x2 c:\Users\Renzey\Workspaces\-NTU_FYP_Project_Files\ArduinoOutput/core\core.a(hooks.c.o)
                0x00080c78                yield
 .text.__false  0x00080c7a        0x4 c:\Users\Renzey\Workspaces\-NTU_FYP_Project_Files\ArduinoOutput/core\core.a(hooks.c.o)
                0x00080c7a                sysTickHook
 .text.__halt   0x00080c7e        0x2 c:\Users\Renzey\Workspaces\-NTU_FYP_Project_Files\ArduinoOutput/core\core.a(hooks.c.o)
                0x00080c7e                svcHook
                0x00080c7e                pendSVHook
 .text.initVariant
                0x00080c80        0x2 c:\Users\Renzey\Workspaces\-NTU_FYP_Project_Files\ArduinoOutput/core\core.a(main.cpp.o)
                0x00080c80                initVariant
 *fill*         0x00080c82        0x2 
 .text.startup.main
                0x00080c84       0x38 c:\Users\Renzey\Workspaces\-NTU_FYP_Project_Files\ArduinoOutput/core\core.a(main.cpp.o)
                0x00080c84                main
 .text._sbrk    0x00080cbc       0x1c c:\Users\Renzey\Workspaces\-NTU_FYP_Project_Files\ArduinoOutput/core\core.a(syscalls_sam3.c.o)
                0x00080cbc                _sbrk
 .text.link     0x00080cd8        0x6 c:\Users\Renzey\Workspaces\-NTU_FYP_Project_Files\ArduinoOutput/core\core.a(syscalls_sam3.c.o)
                0x00080cd8                link
 .text._close   0x00080cde        0x6 c:\Users\Renzey\Workspaces\-NTU_FYP_Project_Files\ArduinoOutput/core\core.a(syscalls_sam3.c.o)
                0x00080cde                _close
 .text._fstat   0x00080ce4        0xa c:\Users\Renzey\Workspaces\-NTU_FYP_Project_Files\ArduinoOutput/core\core.a(syscalls_sam3.c.o)
                0x00080ce4                _fstat
 .text._isatty  0x00080cee        0x4 c:\Users\Renzey\Workspaces\-NTU_FYP_Project_Files\ArduinoOutput/core\core.a(syscalls_sam3.c.o)
                0x00080cee                _isatty
 .text._lseek   0x00080cf2        0x4 c:\Users\Renzey\Workspaces\-NTU_FYP_Project_Files\ArduinoOutput/core\core.a(syscalls_sam3.c.o)
                0x00080cf2                _lseek
 .text._read    0x00080cf6        0x4 c:\Users\Renzey\Workspaces\-NTU_FYP_Project_Files\ArduinoOutput/core\core.a(syscalls_sam3.c.o)
                0x00080cf6                _read
 *fill*         0x00080cfa        0x2 
 .text._write   0x00080cfc       0x24 c:\Users\Renzey\Workspaces\-NTU_FYP_Project_Files\ArduinoOutput/core\core.a(syscalls_sam3.c.o)
                0x00080cfc                _write
 .text._exit    0x00080d20       0x10 c:\Users\Renzey\Workspaces\-NTU_FYP_Project_Files\ArduinoOutput/core\core.a(syscalls_sam3.c.o)
                0x00080d20                _exit
 .text._kill    0x00080d30        0x2 c:\Users\Renzey\Workspaces\-NTU_FYP_Project_Files\ArduinoOutput/core\core.a(syscalls_sam3.c.o)
                0x00080d30                _kill
 .text._getpid  0x00080d32        0x6 c:\Users\Renzey\Workspaces\-NTU_FYP_Project_Files\ArduinoOutput/core\core.a(syscalls_sam3.c.o)
                0x00080d32                _getpid
 .text._watchdogDefaultSetup
                0x00080d38        0xc c:\Users\Renzey\Workspaces\-NTU_FYP_Project_Files\ArduinoOutput/core\core.a(watchdog.cpp.o)
                0x00080d38                _watchdogDefaultSetup
                0x00080d38                watchdogSetup()
 .text.delay    0x00080d44       0x1c c:\Users\Renzey\Workspaces\-NTU_FYP_Project_Files\ArduinoOutput/core\core.a(wiring.c.o)
                0x00080d44                delay
 .text.analogOutputInit
                0x00080d60        0x2 c:\Users\Renzey\Workspaces\-NTU_FYP_Project_Files\ArduinoOutput/core\core.a(wiring_analog.c.o)
                0x00080d60                analogOutputInit
 *fill*         0x00080d62        0x2 
 .text.pinMode  0x00080d64      0x108 c:\Users\Renzey\Workspaces\-NTU_FYP_Project_Files\ArduinoOutput/core\core.a(wiring_digital.c.o)
                0x00080d64                pinMode
 .text.digitalWrite
                0x00080e6c       0x70 c:\Users\Renzey\Workspaces\-NTU_FYP_Project_Files\ArduinoOutput/core\core.a(wiring_digital.c.o)
                0x00080e6c                digitalWrite
 .text._ZN5Print5writeEPKhj
                0x00080edc       0x22 c:\Users\Renzey\Workspaces\-NTU_FYP_Project_Files\ArduinoOutput/core\core.a(Print.cpp.o)
                0x00080edc                Print::write(unsigned char const*, unsigned int)
 *fill*         0x00080efe        0x2 
 .text.initiateReset
                0x00080f00        0xc c:\Users\Renzey\Workspaces\-NTU_FYP_Project_Files\ArduinoOutput/core\core.a(Reset.cpp.o)
                0x00080f00                initiateReset
 .text.cancelReset
                0x00080f0c       0x10 c:\Users\Renzey\Workspaces\-NTU_FYP_Project_Files\ArduinoOutput/core\core.a(Reset.cpp.o)
                0x00080f0c                cancelReset
 .text.tickReset
                0x00080f1c       0x20 c:\Users\Renzey\Workspaces\-NTU_FYP_Project_Files\ArduinoOutput/core\core.a(Reset.cpp.o)
                0x00080f1c                tickReset
 .text.unlikely._ZL11USB_SendZlpv
                0x00080f3c       0x20 c:\Users\Renzey\Workspaces\-NTU_FYP_Project_Files\ArduinoOutput/core\core.a(USBCore.cpp.o)
 .text._Z14USBD_Availablem
                0x00080f5c       0x2c c:\Users\Renzey\Workspaces\-NTU_FYP_Project_Files\ArduinoOutput/core\core.a(USBCore.cpp.o)
                0x00080f5c                USBD_Available(unsigned long)
 .text._Z9USBD_RecvmPvm
                0x00080f88       0x7c c:\Users\Renzey\Workspaces\-NTU_FYP_Project_Files\ArduinoOutput/core\core.a(USBCore.cpp.o)
                0x00080f88                USBD_Recv(unsigned long, void*, unsigned long)
 .text._Z9USBD_Recvm
                0x00081004       0x22 c:\Users\Renzey\Workspaces\-NTU_FYP_Project_Files\ArduinoOutput/core\core.a(USBCore.cpp.o)
                0x00081004                USBD_Recv(unsigned long)
 *fill*         0x00081026        0x2 
 .text._Z9USBD_SendmPKvm
                0x00081028       0x4c c:\Users\Renzey\Workspaces\-NTU_FYP_Project_Files\ArduinoOutput/core\core.a(USBCore.cpp.o)
                0x00081028                USBD_Send(unsigned long, void const*, unsigned long)
 .text._Z16USBD_SendControlhPKvm
                0x00081074       0x40 c:\Users\Renzey\Workspaces\-NTU_FYP_Project_Files\ArduinoOutput/core\core.a(USBCore.cpp.o)
                0x00081074                USBD_SendControl(unsigned char, void const*, unsigned long)
 .text.unlikely._ZL24USB_SendStringDescriptorPKhi
                0x000810b4       0x64 c:\Users\Renzey\Workspaces\-NTU_FYP_Project_Files\ArduinoOutput/core\core.a(USBCore.cpp.o)
 .text._Z16USBD_RecvControlPvm
                0x00081118       0x1c c:\Users\Renzey\Workspaces\-NTU_FYP_Project_Files\ArduinoOutput/core\core.a(USBCore.cpp.o)
                0x00081118                USBD_RecvControl(void*, unsigned long)
 .text._Z26USBD_ClassInterfaceRequestR8USBSetup
                0x00081134       0x1e c:\Users\Renzey\Workspaces\-NTU_FYP_Project_Files\ArduinoOutput/core\core.a(USBCore.cpp.o)
                0x00081134                USBD_ClassInterfaceRequest(USBSetup&)
 .text._Z19USBD_SendInterfacesv
                0x00081152       0x22 c:\Users\Renzey\Workspaces\-NTU_FYP_Project_Files\ArduinoOutput/core\core.a(USBCore.cpp.o)
                0x00081152                USBD_SendInterfaces()
 .text._Z24USBD_SendOtherInterfacesv
                0x00081174       0x22 c:\Users\Renzey\Workspaces\-NTU_FYP_Project_Files\ArduinoOutput/core\core.a(USBCore.cpp.o)
                0x00081174                USBD_SendOtherInterfaces()
 .text._Z10USBD_Flushm
                0x00081196       0x16 c:\Users\Renzey\Workspaces\-NTU_FYP_Project_Files\ArduinoOutput/core\core.a(USBCore.cpp.o)
                0x00081196                USBD_Flush(unsigned long)
 .text._ZN10USBDevice_C2Ev
                0x000811ac       0x24 c:\Users\Renzey\Workspaces\-NTU_FYP_Project_Files\ArduinoOutput/core\core.a(USBCore.cpp.o)
                0x000811ac                USBDevice_::USBDevice_()
                0x000811ac                USBDevice_::USBDevice_()
 .text._ZN10USBDevice_6attachEv
                0x000811d0       0x20 c:\Users\Renzey\Workspaces\-NTU_FYP_Project_Files\ArduinoOutput/core\core.a(USBCore.cpp.o)
                0x000811d0                USBDevice_::attach()
 .text.startup._GLOBAL__sub_I_EndPoints
                0x000811f0        0xc c:\Users\Renzey\Workspaces\-NTU_FYP_Project_Files\ArduinoOutput/core\core.a(USBCore.cpp.o)
 .text._ZL7USB_ISRv
                0x000811fc      0x454 c:\Users\Renzey\Workspaces\-NTU_FYP_Project_Files\ArduinoOutput/core\core.a(USBCore.cpp.o)
 .text._ZN7Serial_9availableEv
                0x00081650       0x18 c:\Users\Renzey\Workspaces\-NTU_FYP_Project_Files\ArduinoOutput/core\core.a(CDC.cpp.o)
                0x00081650                Serial_::available()
 .text._ZN7Serial_17availableForWriteEv
                0x00081668        0x6 c:\Users\Renzey\Workspaces\-NTU_FYP_Project_Files\ArduinoOutput/core\core.a(CDC.cpp.o)
                0x00081668                Serial_::availableForWrite()
 *fill*         0x0008166e        0x2 
 .text._ZN7Serial_4peekEv
                0x00081670       0x20 c:\Users\Renzey\Workspaces\-NTU_FYP_Project_Files\ArduinoOutput/core\core.a(CDC.cpp.o)
                0x00081670                Serial_::peek()
 .text._ZN7Serial_5writeEh
                0x00081690       0x16 c:\Users\Renzey\Workspaces\-NTU_FYP_Project_Files\ArduinoOutput/core\core.a(CDC.cpp.o)
                0x00081690                Serial_::write(unsigned char)
 *fill*         0x000816a6        0x2 
 .text._ZN7Serial_4readEv
                0x000816a8       0x44 c:\Users\Renzey\Workspaces\-NTU_FYP_Project_Files\ArduinoOutput/core\core.a(CDC.cpp.o)
                0x000816a8                Serial_::read()
 .text._ZN7Serial_5flushEv
                0x000816ec        0x6 c:\Users\Renzey\Workspaces\-NTU_FYP_Project_Files\ArduinoOutput/core\core.a(CDC.cpp.o)
                0x000816ec                Serial_::flush()
 *fill*         0x000816f2        0x2 
 .text._ZN7Serial_6acceptEv
                0x000816f4       0x70 c:\Users\Renzey\Workspaces\-NTU_FYP_Project_Files\ArduinoOutput/core\core.a(CDC.cpp.o)
                0x000816f4                Serial_::accept()
 .text._ZN7Serial_5writeEPKhj
                0x00081764       0x2c c:\Users\Renzey\Workspaces\-NTU_FYP_Project_Files\ArduinoOutput/core\core.a(CDC.cpp.o)
                0x00081764                Serial_::write(unsigned char const*, unsigned int)
 .text._Z16CDC_GetInterfacePh
                0x00081790       0x14 c:\Users\Renzey\Workspaces\-NTU_FYP_Project_Files\ArduinoOutput/core\core.a(CDC.cpp.o)
                0x00081790                CDC_GetInterface(unsigned char*)
 .text._Z21CDC_GetOtherInterfacePh
                0x000817a4       0x14 c:\Users\Renzey\Workspaces\-NTU_FYP_Project_Files\ArduinoOutput/core\core.a(CDC.cpp.o)
                0x000817a4                CDC_GetOtherInterface(unsigned char*)
 .text._Z9CDC_SetupR8USBSetup
                0x000817b8       0x78 c:\Users\Renzey\Workspaces\-NTU_FYP_Project_Files\ArduinoOutput/core\core.a(CDC.cpp.o)
                0x000817b8                CDC_Setup(USBSetup&)
 .text.startup._GLOBAL__sub_I_cdc_rx_buffer
                0x00081830       0x1c c:\Users\Renzey\Workspaces\-NTU_FYP_Project_Files\ArduinoOutput/core\core.a(CDC.cpp.o)
 .text._ZN13PluggableUSB_12getInterfaceEPh
                0x0008184c       0x28 c:\Users\Renzey\Workspaces\-NTU_FYP_Project_Files\ArduinoOutput/core\core.a(PluggableUSB.cpp.o)
                0x0008184c                PluggableUSB_::getInterface(unsigned char*)
 .text._ZN13PluggableUSB_13getDescriptorER8USBSetup
                0x00081874       0x1c c:\Users\Renzey\Workspaces\-NTU_FYP_Project_Files\ArduinoOutput/core\core.a(PluggableUSB.cpp.o)
                0x00081874                PluggableUSB_::getDescriptor(USBSetup&)
 .text._ZN13PluggableUSB_12getShortNameEPc
                0x00081890       0x1c c:\Users\Renzey\Workspaces\-NTU_FYP_Project_Files\ArduinoOutput/core\core.a(PluggableUSB.cpp.o)
                0x00081890                PluggableUSB_::getShortName(char*)
 .text._ZN13PluggableUSB_5setupER8USBSetup
                0x000818ac       0x20 c:\Users\Renzey\Workspaces\-NTU_FYP_Project_Files\ArduinoOutput/core\core.a(PluggableUSB.cpp.o)
                0x000818ac                PluggableUSB_::setup(USBSetup&)
 .text._Z12PluggableUSBv
                0x000818cc       0x28 c:\Users\Renzey\Workspaces\-NTU_FYP_Project_Files\ArduinoOutput/core\core.a(PluggableUSB.cpp.o)
                0x000818cc                PluggableUSB()
 .text.TimeTick_Increment
                0x000818f4       0x10 C:\Users\Renzey\AppData\Local\Arduino15\packages\arduino\hardware\sam\1.6.11\variants\arduino_due_x/libsam_sam3x8e_gcc_rel.a(timetick.o)
                0x000818f4                TimeTick_Increment
 .text.GetTickCount
                0x00081904        0xc C:\Users\Renzey\AppData\Local\Arduino15\packages\arduino\hardware\sam\1.6.11\variants\arduino_due_x/libsam_sam3x8e_gcc_rel.a(timetick.o)
                0x00081904                GetTickCount
 .text.WDT_Disable
                0x00081910        0x8 C:\Users\Renzey\AppData\Local\Arduino15\packages\arduino\hardware\sam\1.6.11\variants\arduino_due_x/libsam_sam3x8e_gcc_rel.a(wdt.o)
                0x00081910                WDT_Disable
 .text.UDD_SetStack
                0x00081918        0xc C:\Users\Renzey\AppData\Local\Arduino15\packages\arduino\hardware\sam\1.6.11\variants\arduino_due_x/libsam_sam3x8e_gcc_rel.a(uotghs_device.o)
                0x00081918                UDD_SetStack
 .text.UDD_Init
                0x00081924       0xd0 C:\Users\Renzey\AppData\Local\Arduino15\packages\arduino\hardware\sam\1.6.11\variants\arduino_due_x/libsam_sam3x8e_gcc_rel.a(uotghs_device.o)
                0x00081924                UDD_Init
 .text.UDD_Attach
                0x000819f4       0x50 C:\Users\Renzey\AppData\Local\Arduino15\packages\arduino\hardware\sam\1.6.11\variants\arduino_due_x/libsam_sam3x8e_gcc_rel.a(uotghs_device.o)
                0x000819f4                UDD_Attach
 .text.UDD_InitEP
                0x00081a44       0x2c C:\Users\Renzey\AppData\Local\Arduino15\packages\arduino\hardware\sam\1.6.11\variants\arduino_due_x/libsam_sam3x8e_gcc_rel.a(uotghs_device.o)
                0x00081a44                UDD_InitEP
 .text.UDD_InitEndpoints
                0x00081a70       0x3c C:\Users\Renzey\AppData\Local\Arduino15\packages\arduino\hardware\sam\1.6.11\variants\arduino_due_x/libsam_sam3x8e_gcc_rel.a(uotghs_device.o)
                0x00081a70                UDD_InitEndpoints
 .text.UDD_WaitIN
                0x00081aac       0x10 C:\Users\Renzey\AppData\Local\Arduino15\packages\arduino\hardware\sam\1.6.11\variants\arduino_due_x/libsam_sam3x8e_gcc_rel.a(uotghs_device.o)
                0x00081aac                UDD_WaitIN
 .text.UDD_WaitOUT
                0x00081abc       0x10 C:\Users\Renzey\AppData\Local\Arduino15\packages\arduino\hardware\sam\1.6.11\variants\arduino_due_x/libsam_sam3x8e_gcc_rel.a(uotghs_device.o)
                0x00081abc                UDD_WaitOUT
 .text.UDD_ClearIN
                0x00081acc       0x18 C:\Users\Renzey\AppData\Local\Arduino15\packages\arduino\hardware\sam\1.6.11\variants\arduino_due_x/libsam_sam3x8e_gcc_rel.a(uotghs_device.o)
                0x00081acc                UDD_ClearIN
 .text.UDD_ClearOUT
                0x00081ae4       0x18 C:\Users\Renzey\AppData\Local\Arduino15\packages\arduino\hardware\sam\1.6.11\variants\arduino_due_x/libsam_sam3x8e_gcc_rel.a(uotghs_device.o)
                0x00081ae4                UDD_ClearOUT
 .text.UDD_ReceivedSetupInt
                0x00081afc       0x10 C:\Users\Renzey\AppData\Local\Arduino15\packages\arduino\hardware\sam\1.6.11\variants\arduino_due_x/libsam_sam3x8e_gcc_rel.a(uotghs_device.o)
                0x00081afc                UDD_ReceivedSetupInt
 .text.UDD_ClearSetupInt
                0x00081b0c       0x10 C:\Users\Renzey\AppData\Local\Arduino15\packages\arduino\hardware\sam\1.6.11\variants\arduino_due_x/libsam_sam3x8e_gcc_rel.a(uotghs_device.o)
                0x00081b0c                UDD_ClearSetupInt
 .text.UDD_Send
                0x00081b1c       0x88 C:\Users\Renzey\AppData\Local\Arduino15\packages\arduino\hardware\sam\1.6.11\variants\arduino_due_x/libsam_sam3x8e_gcc_rel.a(uotghs_device.o)
                0x00081b1c                UDD_Send
 .text.UDD_Send8
                0x00081ba4       0x24 C:\Users\Renzey\AppData\Local\Arduino15\packages\arduino\hardware\sam\1.6.11\variants\arduino_due_x/libsam_sam3x8e_gcc_rel.a(uotghs_device.o)
                0x00081ba4                UDD_Send8
 .text.UDD_Recv8
                0x00081bc8       0x28 C:\Users\Renzey\AppData\Local\Arduino15\packages\arduino\hardware\sam\1.6.11\variants\arduino_due_x/libsam_sam3x8e_gcc_rel.a(uotghs_device.o)
                0x00081bc8                UDD_Recv8
 .text.UDD_Recv
                0x00081bf0       0x34 C:\Users\Renzey\AppData\Local\Arduino15\packages\arduino\hardware\sam\1.6.11\variants\arduino_due_x/libsam_sam3x8e_gcc_rel.a(uotghs_device.o)
                0x00081bf0                UDD_Recv
 .text.UDD_Stall
                0x00081c24       0x14 C:\Users\Renzey\AppData\Local\Arduino15\packages\arduino\hardware\sam\1.6.11\variants\arduino_due_x/libsam_sam3x8e_gcc_rel.a(uotghs_device.o)
                0x00081c24                UDD_Stall
 .text.UDD_FifoByteCount
                0x00081c38       0x14 C:\Users\Renzey\AppData\Local\Arduino15\packages\arduino\hardware\sam\1.6.11\variants\arduino_due_x/libsam_sam3x8e_gcc_rel.a(uotghs_device.o)
                0x00081c38                UDD_FifoByteCount
 .text.UDD_ReleaseRX
                0x00081c4c       0x28 C:\Users\Renzey\AppData\Local\Arduino15\packages\arduino\hardware\sam\1.6.11\variants\arduino_due_x/libsam_sam3x8e_gcc_rel.a(uotghs_device.o)
                0x00081c4c                UDD_ReleaseRX
 .text.UDD_ReleaseTX
                0x00081c74       0x28 C:\Users\Renzey\AppData\Local\Arduino15\packages\arduino\hardware\sam\1.6.11\variants\arduino_due_x/libsam_sam3x8e_gcc_rel.a(uotghs_device.o)
                0x00081c74                UDD_ReleaseTX
 .text.UDD_SetAddress
                0x00081c9c       0x20 C:\Users\Renzey\AppData\Local\Arduino15\packages\arduino\hardware\sam\1.6.11\variants\arduino_due_x/libsam_sam3x8e_gcc_rel.a(uotghs_device.o)
                0x00081c9c                UDD_SetAddress
 .text.__libc_init_array
                0x00081cbc       0x50 c:/users/renzey/appdata/local/arduino15/packages/arduino/tools/arm-none-eabi-gcc/4.8.3-2014q1/bin/../lib/gcc/arm-none-eabi/4.8.3/../../../../arm-none-eabi/lib/armv7-m\libg.a(lib_a-init.o)
                0x00081cbc                __libc_init_array
 .text.iprintf  0x00081d0c       0x28 c:/users/renzey/appdata/local/arduino15/packages/arduino/tools/arm-none-eabi-gcc/4.8.3-2014q1/bin/../lib/gcc/arm-none-eabi/4.8.3/../../../../arm-none-eabi/lib/armv7-m\libg.a(lib_a-iprintf.o)
                0x00081d0c                iprintf
 .text.memset   0x00081d34       0x94 c:/users/renzey/appdata/local/arduino15/packages/arduino/tools/arm-none-eabi-gcc/4.8.3-2014q1/bin/../lib/gcc/arm-none-eabi/4.8.3/../../../../arm-none-eabi/lib/armv7-m\libg.a(lib_a-memset.o)
                0x00081d34                memset
 .text.strlen   0x00081dc8       0x60 c:/users/renzey/appdata/local/arduino15/packages/arduino/tools/arm-none-eabi-gcc/4.8.3-2014q1/bin/../lib/gcc/arm-none-eabi/4.8.3/../../../../arm-none-eabi/lib/armv7-m\libg.a(lib_a-strlen.o)
                0x00081dc8                strlen
 .text.kill     0x00081e28       0x10 c:/users/renzey/appdata/local/arduino15/packages/arduino/tools/arm-none-eabi-gcc/4.8.3-2014q1/bin/../lib/gcc/arm-none-eabi/4.8.3/../../../../arm-none-eabi/lib/armv7-m\libg.a(lib_a-syskill.o)
                0x00081e28                kill
 .text.__sprint_r.part.0
                0x00081e38       0x78 c:/users/renzey/appdata/local/arduino15/packages/arduino/tools/arm-none-eabi-gcc/4.8.3-2014q1/bin/../lib/gcc/arm-none-eabi/4.8.3/../../../../arm-none-eabi/lib/armv7-m\libg.a(lib_a-vfiprintf.o)
 .text._vfiprintf_r
                0x00081eb0      0xc54 c:/users/renzey/appdata/local/arduino15/packages/arduino/tools/arm-none-eabi-gcc/4.8.3-2014q1/bin/../lib/gcc/arm-none-eabi/4.8.3/../../../../arm-none-eabi/lib/armv7-m\libg.a(lib_a-vfiprintf.o)
                0x00081eb0                _vfiprintf_r
 .text.__sbprintf
                0x00082b04       0x7c c:/users/renzey/appdata/local/arduino15/packages/arduino/tools/arm-none-eabi-gcc/4.8.3-2014q1/bin/../lib/gcc/arm-none-eabi/4.8.3/../../../../arm-none-eabi/lib/armv7-m\libg.a(lib_a-vfiprintf.o)
 .text.__swsetup_r
                0x00082b80       0xc4 c:/users/renzey/appdata/local/arduino15/packages/arduino/tools/arm-none-eabi-gcc/4.8.3-2014q1/bin/../lib/gcc/arm-none-eabi/4.8.3/../../../../arm-none-eabi/lib/armv7-m\libg.a(lib_a-wsetup.o)
                0x00082b80                __swsetup_r
 .text.startup.register_fini
                0x00082c44       0x14 c:/users/renzey/appdata/local/arduino15/packages/arduino/tools/arm-none-eabi-gcc/4.8.3-2014q1/bin/../lib/gcc/arm-none-eabi/4.8.3/../../../../arm-none-eabi/lib/armv7-m\libg.a(lib_a-__call_atexit.o)
 .text.atexit   0x00082c58        0xc c:/users/renzey/appdata/local/arduino15/packages/arduino/tools/arm-none-eabi-gcc/4.8.3-2014q1/bin/../lib/gcc/arm-none-eabi/4.8.3/../../../../arm-none-eabi/lib/armv7-m\libg.a(lib_a-atexit.o)
                0x00082c58                atexit
 .text.__sflush_r
                0x00082c64      0x148 c:/users/renzey/appdata/local/arduino15/packages/arduino/tools/arm-none-eabi-gcc/4.8.3-2014q1/bin/../lib/gcc/arm-none-eabi/4.8.3/../../../../arm-none-eabi/lib/armv7-m\libg.a(lib_a-fflush.o)
                0x00082c64                __sflush_r
 .text._fflush_r
                0x00082dac       0x2c c:/users/renzey/appdata/local/arduino15/packages/arduino/tools/arm-none-eabi-gcc/4.8.3-2014q1/bin/../lib/gcc/arm-none-eabi/4.8.3/../../../../arm-none-eabi/lib/armv7-m\libg.a(lib_a-fflush.o)
                0x00082dac                _fflush_r
 .text._cleanup_r
                0x00082dd8        0xc c:/users/renzey/appdata/local/arduino15/packages/arduino/tools/arm-none-eabi-gcc/4.8.3-2014q1/bin/../lib/gcc/arm-none-eabi/4.8.3/../../../../arm-none-eabi/lib/armv7-m\libg.a(lib_a-findfp.o)
                0x00082dd8                _cleanup_r
 .text.__sinit  0x00082de4       0xf4 c:/users/renzey/appdata/local/arduino15/packages/arduino/tools/arm-none-eabi-gcc/4.8.3-2014q1/bin/../lib/gcc/arm-none-eabi/4.8.3/../../../../arm-none-eabi/lib/armv7-m\libg.a(lib_a-findfp.o)
                0x00082de4                __sinit
 .text.__sfp_lock_acquire
                0x00082ed8        0x4 c:/users/renzey/appdata/local/arduino15/packages/arduino/tools/arm-none-eabi-gcc/4.8.3-2014q1/bin/../lib/gcc/arm-none-eabi/4.8.3/../../../../arm-none-eabi/lib/armv7-m\libg.a(lib_a-findfp.o)
                0x00082ed8                __sfp_lock_acquire
 .text.__sfp_lock_release
                0x00082edc        0x4 c:/users/renzey/appdata/local/arduino15/packages/arduino/tools/arm-none-eabi-gcc/4.8.3-2014q1/bin/../lib/gcc/arm-none-eabi/4.8.3/../../../../arm-none-eabi/lib/armv7-m\libg.a(lib_a-findfp.o)
                0x00082edc                __sfp_lock_release
 .text.__libc_fini_array
                0x00082ee0       0x30 c:/users/renzey/appdata/local/arduino15/packages/arduino/tools/arm-none-eabi-gcc/4.8.3-2014q1/bin/../lib/gcc/arm-none-eabi/4.8.3/../../../../arm-none-eabi/lib/armv7-m\libg.a(lib_a-fini.o)
                0x00082ee0                __libc_fini_array
 .text._fputwc_r
                0x00082f10       0xc0 c:/users/renzey/appdata/local/arduino15/packages/arduino/tools/arm-none-eabi-gcc/4.8.3-2014q1/bin/../lib/gcc/arm-none-eabi/4.8.3/../../../../arm-none-eabi/lib/armv7-m\libg.a(lib_a-fputwc.o)
                0x00082f10                _fputwc_r
 .text._malloc_trim_r
                0x00082fd0       0x9c c:/users/renzey/appdata/local/arduino15/packages/arduino/tools/arm-none-eabi-gcc/4.8.3-2014q1/bin/../lib/gcc/arm-none-eabi/4.8.3/../../../../arm-none-eabi/lib/armv7-m\libg.a(lib_a-freer.o)
                0x00082fd0                _malloc_trim_r
 .text._free_r  0x0008306c      0x198 c:/users/renzey/appdata/local/arduino15/packages/arduino/tools/arm-none-eabi-gcc/4.8.3-2014q1/bin/../lib/gcc/arm-none-eabi/4.8.3/../../../../arm-none-eabi/lib/armv7-m\libg.a(lib_a-freer.o)
                0x0008306c                _free_r
 .text.__sfvwrite_r
                0x00083204      0x314 c:/users/renzey/appdata/local/arduino15/packages/arduino/tools/arm-none-eabi-gcc/4.8.3-2014q1/bin/../lib/gcc/arm-none-eabi/4.8.3/../../../../arm-none-eabi/lib/armv7-m\libg.a(lib_a-fvwrite.o)
                0x00083204                __sfvwrite_r
 .text._fwalk   0x00083518       0x48 c:/users/renzey/appdata/local/arduino15/packages/arduino/tools/arm-none-eabi-gcc/4.8.3-2014q1/bin/../lib/gcc/arm-none-eabi/4.8.3/../../../../arm-none-eabi/lib/armv7-m\libg.a(lib_a-fwalk.o)
                0x00083518                _fwalk
 .text.__locale_charset
                0x00083560        0x8 c:/users/renzey/appdata/local/arduino15/packages/arduino/tools/arm-none-eabi-gcc/4.8.3-2014q1/bin/../lib/gcc/arm-none-eabi/4.8.3/../../../../arm-none-eabi/lib/armv7-m\libg.a(lib_a-locale.o)
                0x00083560                __locale_charset
 .text.__locale_mb_cur_max
                0x00083568        0xc c:/users/renzey/appdata/local/arduino15/packages/arduino/tools/arm-none-eabi-gcc/4.8.3-2014q1/bin/../lib/gcc/arm-none-eabi/4.8.3/../../../../arm-none-eabi/lib/armv7-m\libg.a(lib_a-locale.o)
                0x00083568                __locale_mb_cur_max
 .text.__smakebuf_r
                0x00083574       0xe0 c:/users/renzey/appdata/local/arduino15/packages/arduino/tools/arm-none-eabi-gcc/4.8.3-2014q1/bin/../lib/gcc/arm-none-eabi/4.8.3/../../../../arm-none-eabi/lib/armv7-m\libg.a(lib_a-makebuf.o)
                0x00083574                __smakebuf_r
 .text._malloc_r
                0x00083654      0x538 c:/users/renzey/appdata/local/arduino15/packages/arduino/tools/arm-none-eabi-gcc/4.8.3-2014q1/bin/../lib/gcc/arm-none-eabi/4.8.3/../../../../arm-none-eabi/lib/armv7-m\libg.a(lib_a-mallocr.o)
                0x00083654                _malloc_r
 .text.memchr   0x00083b8c       0x94 c:/users/renzey/appdata/local/arduino15/packages/arduino/tools/arm-none-eabi-gcc/4.8.3-2014q1/bin/../lib/gcc/arm-none-eabi/4.8.3/../../../../arm-none-eabi/lib/armv7-m\libg.a(lib_a-memchr-stub.o)
                0x00083b8c                memchr
 .text          0x00083c20       0xec c:/users/renzey/appdata/local/arduino15/packages/arduino/tools/arm-none-eabi-gcc/4.8.3-2014q1/bin/../lib/gcc/arm-none-eabi/4.8.3/../../../../arm-none-eabi/lib/armv7-m\libg.a(lib_a-memcpy.o)
                0x00083c20                memcpy
 .text.memmove  0x00083d0c       0xcc c:/users/renzey/appdata/local/arduino15/packages/arduino/tools/arm-none-eabi-gcc/4.8.3-2014q1/bin/../lib/gcc/arm-none-eabi/4.8.3/../../../../arm-none-eabi/lib/armv7-m\libg.a(lib_a-memmove.o)
                0x00083d0c                memmove
 .text.__malloc_lock
                0x00083dd8        0x4 c:/users/renzey/appdata/local/arduino15/packages/arduino/tools/arm-none-eabi-gcc/4.8.3-2014q1/bin/../lib/gcc/arm-none-eabi/4.8.3/../../../../arm-none-eabi/lib/armv7-m\libg.a(lib_a-mlock.o)
                0x00083dd8                __malloc_lock
 .text.__malloc_unlock
                0x00083ddc        0x4 c:/users/renzey/appdata/local/arduino15/packages/arduino/tools/arm-none-eabi-gcc/4.8.3-2014q1/bin/../lib/gcc/arm-none-eabi/4.8.3/../../../../arm-none-eabi/lib/armv7-m\libg.a(lib_a-mlock.o)
                0x00083ddc                __malloc_unlock
 .text._realloc_r
                0x00083de0      0x3c0 c:/users/renzey/appdata/local/arduino15/packages/arduino/tools/arm-none-eabi-gcc/4.8.3-2014q1/bin/../lib/gcc/arm-none-eabi/4.8.3/../../../../arm-none-eabi/lib/armv7-m\libg.a(lib_a-reallocr.o)
                0x00083de0                _realloc_r
 .text._sbrk_r  0x000841a0       0x24 c:/users/renzey/appdata/local/arduino15/packages/arduino/tools/arm-none-eabi-gcc/4.8.3-2014q1/bin/../lib/gcc/arm-none-eabi/4.8.3/../../../../arm-none-eabi/lib/armv7-m\libg.a(lib_a-sbrkr.o)
                0x000841a0                _sbrk_r
 .text._kill_r  0x000841c4       0x28 c:/users/renzey/appdata/local/arduino15/packages/arduino/tools/arm-none-eabi-gcc/4.8.3-2014q1/bin/../lib/gcc/arm-none-eabi/4.8.3/../../../../arm-none-eabi/lib/armv7-m\libg.a(lib_a-signalr.o)
                0x000841c4                _kill_r
 .text.__sread  0x000841ec       0x24 c:/users/renzey/appdata/local/arduino15/packages/arduino/tools/arm-none-eabi-gcc/4.8.3-2014q1/bin/../lib/gcc/arm-none-eabi/4.8.3/../../../../arm-none-eabi/lib/armv7-m\libg.a(lib_a-stdio.o)
                0x000841ec                __sread
 .text.__swrite
                0x00084210       0x38 c:/users/renzey/appdata/local/arduino15/packages/arduino/tools/arm-none-eabi-gcc/4.8.3-2014q1/bin/../lib/gcc/arm-none-eabi/4.8.3/../../../../arm-none-eabi/lib/armv7-m\libg.a(lib_a-stdio.o)
                0x00084210                __swrite
 .text.__sseek  0x00084248       0x20 c:/users/renzey/appdata/local/arduino15/packages/arduino/tools/arm-none-eabi-gcc/4.8.3-2014q1/bin/../lib/gcc/arm-none-eabi/4.8.3/../../../../arm-none-eabi/lib/armv7-m\libg.a(lib_a-stdio.o)
                0x00084248                __sseek
 .text.__sclose
                0x00084268        0x8 c:/users/renzey/appdata/local/arduino15/packages/arduino/tools/arm-none-eabi-gcc/4.8.3-2014q1/bin/../lib/gcc/arm-none-eabi/4.8.3/../../../../arm-none-eabi/lib/armv7-m\libg.a(lib_a-stdio.o)
                0x00084268                __sclose
 .text.__swbuf_r
                0x00084270       0xa8 c:/users/renzey/appdata/local/arduino15/packages/arduino/tools/arm-none-eabi-gcc/4.8.3-2014q1/bin/../lib/gcc/arm-none-eabi/4.8.3/../../../../arm-none-eabi/lib/armv7-m\libg.a(lib_a-wbuf.o)
                0x00084270                __swbuf_r
 .text._wcrtomb_r
                0x00084318       0x50 c:/users/renzey/appdata/local/arduino15/packages/arduino/tools/arm-none-eabi-gcc/4.8.3-2014q1/bin/../lib/gcc/arm-none-eabi/4.8.3/../../../../arm-none-eabi/lib/armv7-m\libg.a(lib_a-wcrtomb.o)
                0x00084318                _wcrtomb_r
 .text.__ascii_wctomb
                0x00084368       0x1c c:/users/renzey/appdata/local/arduino15/packages/arduino/tools/arm-none-eabi-gcc/4.8.3-2014q1/bin/../lib/gcc/arm-none-eabi/4.8.3/../../../../arm-none-eabi/lib/armv7-m\libg.a(lib_a-wctomb_r.o)
                0x00084368                __ascii_wctomb
 .text._write_r
                0x00084384       0x28 c:/users/renzey/appdata/local/arduino15/packages/arduino/tools/arm-none-eabi-gcc/4.8.3-2014q1/bin/../lib/gcc/arm-none-eabi/4.8.3/../../../../arm-none-eabi/lib/armv7-m\libg.a(lib_a-writer.o)
                0x00084384                _write_r
 .text.__register_exitproc
                0x000843ac       0xa8 c:/users/renzey/appdata/local/arduino15/packages/arduino/tools/arm-none-eabi-gcc/4.8.3-2014q1/bin/../lib/gcc/arm-none-eabi/4.8.3/../../../../arm-none-eabi/lib/armv7-m\libg.a(lib_a-__atexit.o)
                0x000843ac                __register_exitproc
 .text._close_r
                0x00084454       0x24 c:/users/renzey/appdata/local/arduino15/packages/arduino/tools/arm-none-eabi-gcc/4.8.3-2014q1/bin/../lib/gcc/arm-none-eabi/4.8.3/../../../../arm-none-eabi/lib/armv7-m\libg.a(lib_a-closer.o)
                0x00084454                _close_r
 .text._fclose_r
                0x00084478       0x80 c:/users/renzey/appdata/local/arduino15/packages/arduino/tools/arm-none-eabi-gcc/4.8.3-2014q1/bin/../lib/gcc/arm-none-eabi/4.8.3/../../../../arm-none-eabi/lib/armv7-m\libg.a(lib_a-fclose.o)
                0x00084478                _fclose_r
 .text.fclose   0x000844f8       0x10 c:/users/renzey/appdata/local/arduino15/packages/arduino/tools/arm-none-eabi-gcc/4.8.3-2014q1/bin/../lib/gcc/arm-none-eabi/4.8.3/../../../../arm-none-eabi/lib/armv7-m\libg.a(lib_a-fclose.o)
                0x000844f8                fclose
 .text._fstat_r
                0x00084508       0x28 c:/users/renzey/appdata/local/arduino15/packages/arduino/tools/arm-none-eabi-gcc/4.8.3-2014q1/bin/../lib/gcc/arm-none-eabi/4.8.3/../../../../arm-none-eabi/lib/armv7-m\libg.a(lib_a-fstatr.o)
                0x00084508                _fstat_r
 .text._isatty_r
                0x00084530       0x24 c:/users/renzey/appdata/local/arduino15/packages/arduino/tools/arm-none-eabi-gcc/4.8.3-2014q1/bin/../lib/gcc/arm-none-eabi/4.8.3/../../../../arm-none-eabi/lib/armv7-m\libg.a(lib_a-isattyr.o)
                0x00084530                _isatty_r
 .text._lseek_r
                0x00084554       0x28 c:/users/renzey/appdata/local/arduino15/packages/arduino/tools/arm-none-eabi-gcc/4.8.3-2014q1/bin/../lib/gcc/arm-none-eabi/4.8.3/../../../../arm-none-eabi/lib/armv7-m\libg.a(lib_a-lseekr.o)
                0x00084554                _lseek_r
 .text._read_r  0x0008457c       0x28 c:/users/renzey/appdata/local/arduino15/packages/arduino/tools/arm-none-eabi-gcc/4.8.3-2014q1/bin/../lib/gcc/arm-none-eabi/4.8.3/../../../../arm-none-eabi/lib/armv7-m\libg.a(lib_a-readr.o)
                0x0008457c                _read_r
 .text          0x000845a4       0x2c c:/users/renzey/appdata/local/arduino15/packages/arduino/tools/arm-none-eabi-gcc/4.8.3-2014q1/bin/../lib/gcc/arm-none-eabi/4.8.3/armv7-m\libgcc.a(_aeabi_uldivmod.o)
                0x000845a4                __aeabi_uldivmod
 .text          0x000845d0       0x60 c:/users/renzey/appdata/local/arduino15/packages/arduino/tools/arm-none-eabi-gcc/4.8.3-2014q1/bin/../lib/gcc/arm-none-eabi/4.8.3/armv7-m\libgcc.a(bpabi.o)
                0x000845d0                __gnu_ldivmod_helper
                0x00084600                __gnu_uldivmod_helper
 .text          0x00084630        0x4 c:/users/renzey/appdata/local/arduino15/packages/arduino/tools/arm-none-eabi-gcc/4.8.3-2014q1/bin/../lib/gcc/arm-none-eabi/4.8.3/armv7-m\libgcc.a(_dvmd_tls.o)
                0x00084630                __aeabi_idiv0
                0x00084630                __aeabi_ldiv0
 .text          0x00084634      0x2a0 c:/users/renzey/appdata/local/arduino15/packages/arduino/tools/arm-none-eabi-gcc/4.8.3-2014q1/bin/../lib/gcc/arm-none-eabi/4.8.3/armv7-m\libgcc.a(_divdi3.o)
                0x00084634                __divdi3
 .text          0x000848d4      0x290 c:/users/renzey/appdata/local/arduino15/packages/arduino/tools/arm-none-eabi-gcc/4.8.3-2014q1/bin/../lib/gcc/arm-none-eabi/4.8.3/armv7-m\libgcc.a(_udivdi3.o)
                0x000848d4                __udivdi3
 *(.glue_7t)
 .glue_7t       0x00000000        0x0 linker stubs
 *(.glue_7)
 .glue_7        0x00000000        0x0 linker stubs
 *(.rodata .rodata* .gnu.linkonce.r.*)
 .rodata.g_APinDescription
                0x00084b64      0xa2c c:\Users\Renzey\Workspaces\-NTU_FYP_Project_Files\ArduinoOutput\core\variant.cpp.o
                0x00084b64                g_APinDescription
 .rodata        0x00085590       0x40 C:\Users\Renzey\AppData\Local\Arduino15\packages\arduino\hardware\sam\1.6.11\variants\arduino_due_x/libsam_sam3x8e_gcc_rel.a(adc.o)
 .rodata._ZTV9UARTClass
                0x000855d0       0x30 c:\Users\Renzey\Workspaces\-NTU_FYP_Project_Files\ArduinoOutput/core\core.a(UARTClass.cpp.o)
                0x000855d0                vtable for UARTClass
 .rodata._ZTV10USARTClass
                0x00085600       0x30 c:\Users\Renzey\Workspaces\-NTU_FYP_Project_Files\ArduinoOutput/core\core.a(USARTClass.cpp.o)
                0x00085600                vtable for USARTClass
 .rodata.str1.1
                0x00085630       0x19 c:\Users\Renzey\Workspaces\-NTU_FYP_Project_Files\ArduinoOutput/core\core.a(syscalls_sam3.c.o)
 .rodata.STRING_PRODUCT
                0x00085649        0xc c:\Users\Renzey\Workspaces\-NTU_FYP_Project_Files\ArduinoOutput/core\core.a(USBCore.cpp.o)
                0x00085649                STRING_PRODUCT
 .rodata.USB_DeviceDescriptor
                0x00085655       0x12 c:\Users\Renzey\Workspaces\-NTU_FYP_Project_Files\ArduinoOutput/core\core.a(USBCore.cpp.o)
                0x00085655                USB_DeviceDescriptor
 *fill*         0x00085667        0x1 
 .rodata.STRING_LANGUAGE
                0x00085668        0x4 c:\Users\Renzey\Workspaces\-NTU_FYP_Project_Files\ArduinoOutput/core\core.a(USBCore.cpp.o)
                0x00085668                STRING_LANGUAGE
 .rodata._ZL18test_packet_buffer
                0x0008566c       0x35 c:\Users\Renzey\Workspaces\-NTU_FYP_Project_Files\ArduinoOutput/core\core.a(USBCore.cpp.o)
 .rodata.STRING_MANUFACTURER
                0x000856a1        0xc c:\Users\Renzey\Workspaces\-NTU_FYP_Project_Files\ArduinoOutput/core\core.a(USBCore.cpp.o)
                0x000856a1                STRING_MANUFACTURER
 .rodata.USB_DeviceDescriptorA
                0x000856ad       0x12 c:\Users\Renzey\Workspaces\-NTU_FYP_Project_Files\ArduinoOutput/core\core.a(USBCore.cpp.o)
                0x000856ad                USB_DeviceDescriptorA
 .rodata._ZL19USB_DeviceQualifier
                0x000856bf        0x9 c:\Users\Renzey\Workspaces\-NTU_FYP_Project_Files\ArduinoOutput/core\core.a(USBCore.cpp.o)
 .rodata._ZTV7Serial_
                0x000856c8       0x28 c:\Users\Renzey\Workspaces\-NTU_FYP_Project_Files\ArduinoOutput/core\core.a(CDC.cpp.o)
                0x000856c8                vtable for Serial_
 .rodata._ZL18_cdcOtherInterface
                0x000856f0       0x42 c:\Users\Renzey\Workspaces\-NTU_FYP_Project_Files\ArduinoOutput/core\core.a(CDC.cpp.o)
 .rodata._ZL13_cdcInterface
                0x00085732       0x42 c:\Users\Renzey\Workspaces\-NTU_FYP_Project_Files\ArduinoOutput/core\core.a(CDC.cpp.o)
 .rodata.str1.4
                0x00085774        0x2 c:/users/renzey/appdata/local/arduino15/packages/arduino/tools/arm-none-eabi-gcc/4.8.3-2014q1/bin/../lib/gcc/arm-none-eabi/4.8.3/../../../../arm-none-eabi/lib/armv7-m\libg.a(lib_a-impure.o)
                                  0x4 (size before relaxing)
 *fill*         0x00085776        0x2 
 .rodata._global_impure_ptr
                0x00085778        0x4 c:/users/renzey/appdata/local/arduino15/packages/arduino/tools/arm-none-eabi-gcc/4.8.3-2014q1/bin/../lib/gcc/arm-none-eabi/4.8.3/../../../../arm-none-eabi/lib/armv7-m\libg.a(lib_a-impure.o)
                0x00085778                _global_impure_ptr
 .rodata.blanks.6717
                0x0008577c       0x10 c:/users/renzey/appdata/local/arduino15/packages/arduino/tools/arm-none-eabi-gcc/4.8.3-2014q1/bin/../lib/gcc/arm-none-eabi/4.8.3/../../../../arm-none-eabi/lib/armv7-m\libg.a(lib_a-vfiprintf.o)
 .rodata.str1.4
                0x0008578c       0x30 c:/users/renzey/appdata/local/arduino15/packages/arduino/tools/arm-none-eabi-gcc/4.8.3-2014q1/bin/../lib/gcc/arm-none-eabi/4.8.3/../../../../arm-none-eabi/lib/armv7-m\libg.a(lib_a-vfiprintf.o)
 .rodata.zeroes.6718
                0x000857bc       0x10 c:/users/renzey/appdata/local/arduino15/packages/arduino/tools/arm-none-eabi-gcc/4.8.3-2014q1/bin/../lib/gcc/arm-none-eabi/4.8.3/../../../../arm-none-eabi/lib/armv7-m\libg.a(lib_a-vfiprintf.o)
 *(.ARM.extab* .gnu.linkonce.armextab.*)
                0x000857cc                . = ALIGN (0x4)
 *(.init)
 .init          0x000857cc        0x4 c:/users/renzey/appdata/local/arduino15/packages/arduino/tools/arm-none-eabi-gcc/4.8.3-2014q1/bin/../lib/gcc/arm-none-eabi/4.8.3/armv7-m/crti.o
                0x000857cc                _init
 .init          0x000857d0        0x8 c:/users/renzey/appdata/local/arduino15/packages/arduino/tools/arm-none-eabi-gcc/4.8.3-2014q1/bin/../lib/gcc/arm-none-eabi/4.8.3/armv7-m/crtn.o
                0x000857d8                . = ALIGN (0x4)
                0x000857d8                __preinit_array_start = .
 *(.preinit_array)
                0x000857d8                __preinit_array_end = .
                0x000857d8                . = ALIGN (0x4)
                0x000857d8                __init_array_start = .
 *(SORT(.init_array.*))
 .init_array.00000
                0x000857d8        0x4 c:/users/renzey/appdata/local/arduino15/packages/arduino/tools/arm-none-eabi-gcc/4.8.3-2014q1/bin/../lib/gcc/arm-none-eabi/4.8.3/../../../../arm-none-eabi/lib/armv7-m\libg.a(lib_a-__call_atexit.o)
 *(.init_array)
 .init_array    0x000857dc        0x4 c:/users/renzey/appdata/local/arduino15/packages/arduino/tools/arm-none-eabi-gcc/4.8.3-2014q1/bin/../lib/gcc/arm-none-eabi/4.8.3/armv7-m/crtbegin.o
 .init_array    0x000857e0        0x4 c:\Users\Renzey\Workspaces\-NTU_FYP_Project_Files\ArduinoOutput\core\variant.cpp.o
 .init_array    0x000857e4        0x4 c:\Users\Renzey\Workspaces\-NTU_FYP_Project_Files\ArduinoOutput/core\core.a(USBCore.cpp.o)
 .init_array    0x000857e8        0x4 c:\Users\Renzey\Workspaces\-NTU_FYP_Project_Files\ArduinoOutput/core\core.a(CDC.cpp.o)
                0x000857ec                __init_array_end = .
                0x000857ec                . = ALIGN (0x4)
 *crtbegin.o(.ctors)
 *(EXCLUDE_FILE(*crtend.o) .ctors)
 *(SORT(.ctors.*))
 *crtend.o(.ctors)
                0x000857ec                . = ALIGN (0x4)
 *(.fini)
 .fini          0x000857ec        0x4 c:/users/renzey/appdata/local/arduino15/packages/arduino/tools/arm-none-eabi-gcc/4.8.3-2014q1/bin/../lib/gcc/arm-none-eabi/4.8.3/armv7-m/crti.o
                0x000857ec                _fini
 .fini          0x000857f0        0x8 c:/users/renzey/appdata/local/arduino15/packages/arduino/tools/arm-none-eabi-gcc/4.8.3-2014q1/bin/../lib/gcc/arm-none-eabi/4.8.3/armv7-m/crtn.o
                0x000857f8                . = ALIGN (0x4)
                0x000857f8                __fini_array_start = .
 *(.fini_array)
 .fini_array    0x000857f8        0x4 c:/users/renzey/appdata/local/arduino15/packages/arduino/tools/arm-none-eabi-gcc/4.8.3-2014q1/bin/../lib/gcc/arm-none-eabi/4.8.3/armv7-m/crtbegin.o
 *(SORT(.fini_array.*))
                0x000857fc                __fini_array_end = .
 *crtbegin.o(.dtors)
 *(EXCLUDE_FILE(*crtend.o) .dtors)
 *(SORT(.dtors.*))
 *crtend.o(.dtors)
                0x000857fc                . = ALIGN (0x4)
                0x000857fc                _efixed = .
                0x000857fc                PROVIDE (__exidx_start, .)

.vfp11_veneer   0x000857fc        0x0
 .vfp11_veneer  0x00000000        0x0 linker stubs

.v4_bx          0x000857fc        0x0
 .v4_bx         0x00000000        0x0 linker stubs

.iplt           0x000857fc        0x0
 .iplt          0x00000000        0x0 c:/users/renzey/appdata/local/arduino15/packages/arduino/tools/arm-none-eabi-gcc/4.8.3-2014q1/bin/../lib/gcc/arm-none-eabi/4.8.3/armv7-m/crtbegin.o

.ARM.exidx      0x000857fc        0x8
 *(.ARM.exidx* .gnu.linkonce.armexidx.*)
 .ARM.exidx     0x000857fc        0x8 c:/users/renzey/appdata/local/arduino15/packages/arduino/tools/arm-none-eabi-gcc/4.8.3-2014q1/bin/../lib/gcc/arm-none-eabi/4.8.3/armv7-m\libgcc.a(_divdi3.o)
 .ARM.exidx     0x00085804        0x0 c:/users/renzey/appdata/local/arduino15/packages/arduino/tools/arm-none-eabi-gcc/4.8.3-2014q1/bin/../lib/gcc/arm-none-eabi/4.8.3/armv7-m\libgcc.a(_udivdi3.o)
                                  0x8 (size before relaxing)
                0x00085804                PROVIDE (__exidx_end, .)

.eh_frame       0x00085804        0x0
 .eh_frame      0x00085804        0x0 c:/users/renzey/appdata/local/arduino15/packages/arduino/tools/arm-none-eabi-gcc/4.8.3-2014q1/bin/../lib/gcc/arm-none-eabi/4.8.3/armv7-m/crtbegin.o

.rel.dyn        0x00085804        0x0
 .rel.iplt      0x00000000        0x0 c:/users/renzey/appdata/local/arduino15/packages/arduino/tools/arm-none-eabi-gcc/4.8.3-2014q1/bin/../lib/gcc/arm-none-eabi/4.8.3/armv7-m/crtbegin.o

.jcr            0x00085804        0x0
 .jcr           0x00085804        0x0 c:/users/renzey/appdata/local/arduino15/packages/arduino/tools/arm-none-eabi-gcc/4.8.3-2014q1/bin/../lib/gcc/arm-none-eabi/4.8.3/armv7-m/crtbegin.o

.igot.plt       0x00085804        0x0
 .igot.plt      0x00000000        0x0 c:/users/renzey/appdata/local/arduino15/packages/arduino/tools/arm-none-eabi-gcc/4.8.3-2014q1/bin/../lib/gcc/arm-none-eabi/4.8.3/armv7-m/crtbegin.o
                0x00085804                . = ALIGN (0x4)
                0x00085804                _etext = .

.relocate       0x20070000      0x8d4 load address 0x00085804
                0x20070000                . = ALIGN (0x4)
                0x20070000                _srelocate = .
 *(.ramfunc .ramfunc.*)
 .ramfunc       0x20070000       0x2c c:\Users\Renzey\Workspaces\-NTU_FYP_Project_Files\ArduinoOutput/core\core.a(Reset.cpp.o)
                0x20070000                banzai
 *(.data .data.*)
 .data.SystemCoreClock
                0x2007002c        0x4 C:\Users\Renzey\AppData\Local\Arduino15\packages\arduino\hardware\sam\1.6.11\variants\arduino_due_x/libsam_sam3x8e_gcc_rel.a(system_sam3xa.o)
                0x2007002c                SystemCoreClock
 .data._ZL5ticks
                0x20070030        0x4 c:\Users\Renzey\Workspaces\-NTU_FYP_Project_Files\ArduinoOutput/core\core.a(Reset.cpp.o)
 .data.EndPoints
                0x20070034       0x28 c:\Users\Renzey\Workspaces\-NTU_FYP_Project_Files\ArduinoOutput/core\core.a(USBCore.cpp.o)
                0x20070034                EndPoints
 .data._ZL10breakValue
                0x2007005c        0x4 c:\Users\Renzey\Workspaces\-NTU_FYP_Project_Files\ArduinoOutput/core\core.a(CDC.cpp.o)
 .data._ZL12_usbLineInfo
                0x20070060        0x8 c:\Users\Renzey\Workspaces\-NTU_FYP_Project_Files\ArduinoOutput/core\core.a(CDC.cpp.o)
 .data.g_interrupt_enabled
                0x20070068        0x4 C:\Users\Renzey\AppData\Local\Arduino15\packages\arduino\hardware\sam\1.6.11\variants\arduino_due_x/libsam_sam3x8e_gcc_rel.a(interrupt_sam_nvic.o)
                0x20070068                g_interrupt_enabled
 *fill*         0x2007006c        0x4 
 .data.impure_data
                0x20070070      0x428 c:/users/renzey/appdata/local/arduino15/packages/arduino/tools/arm-none-eabi-gcc/4.8.3-2014q1/bin/../lib/gcc/arm-none-eabi/4.8.3/../../../../arm-none-eabi/lib/armv7-m\libg.a(lib_a-impure.o)
 .data._impure_ptr
                0x20070498        0x4 c:/users/renzey/appdata/local/arduino15/packages/arduino/tools/arm-none-eabi-gcc/4.8.3-2014q1/bin/../lib/gcc/arm-none-eabi/4.8.3/../../../../arm-none-eabi/lib/armv7-m\libg.a(lib_a-impure.o)
                0x20070498                _impure_ptr
 .data.lc_ctype_charset
                0x2007049c       0x20 c:/users/renzey/appdata/local/arduino15/packages/arduino/tools/arm-none-eabi-gcc/4.8.3-2014q1/bin/../lib/gcc/arm-none-eabi/4.8.3/../../../../arm-none-eabi/lib/armv7-m\libg.a(lib_a-locale.o)
 .data.__mb_cur_max
                0x200704bc        0x4 c:/users/renzey/appdata/local/arduino15/packages/arduino/tools/arm-none-eabi-gcc/4.8.3-2014q1/bin/../lib/gcc/arm-none-eabi/4.8.3/../../../../arm-none-eabi/lib/armv7-m\libg.a(lib_a-locale.o)
                0x200704bc                __mb_cur_max
 .data.__malloc_av_
                0x200704c0      0x408 c:/users/renzey/appdata/local/arduino15/packages/arduino/tools/arm-none-eabi-gcc/4.8.3-2014q1/bin/../lib/gcc/arm-none-eabi/4.8.3/../../../../arm-none-eabi/lib/armv7-m\libg.a(lib_a-mallocr.o)
                0x200704c0                __malloc_av_
 .data.__malloc_trim_threshold
                0x200708c8        0x4 c:/users/renzey/appdata/local/arduino15/packages/arduino/tools/arm-none-eabi-gcc/4.8.3-2014q1/bin/../lib/gcc/arm-none-eabi/4.8.3/../../../../arm-none-eabi/lib/armv7-m\libg.a(lib_a-mallocr.o)
                0x200708c8                __malloc_trim_threshold
 .data.__malloc_sbrk_base
                0x200708cc        0x4 c:/users/renzey/appdata/local/arduino15/packages/arduino/tools/arm-none-eabi-gcc/4.8.3-2014q1/bin/../lib/gcc/arm-none-eabi/4.8.3/../../../../arm-none-eabi/lib/armv7-m\libg.a(lib_a-mallocr.o)
                0x200708cc                __malloc_sbrk_base
 .data.__wctomb
                0x200708d0        0x4 c:/users/renzey/appdata/local/arduino15/packages/arduino/tools/arm-none-eabi-gcc/4.8.3-2014q1/bin/../lib/gcc/arm-none-eabi/4.8.3/../../../../arm-none-eabi/lib/armv7-m\libg.a(lib_a-wctomb_r.o)
                0x200708d0                __wctomb
                0x200708d4                . = ALIGN (0x4)
                0x200708d4                _erelocate = .

.bss            0x200708d4      0xa54 load address 0x000860d8
                0x200708d4                . = ALIGN (0x4)
                0x200708d4                _sbss = .
                0x200708d4                _szero = .
 *(.bss .bss.*)
 .bss           0x200708d4       0x1c c:/users/renzey/appdata/local/arduino15/packages/arduino/tools/arm-none-eabi-gcc/4.8.3-2014q1/bin/../lib/gcc/arm-none-eabi/4.8.3/armv7-m/crtbegin.o
 .bss._ZZ13usbReceiveMSGP11RCVDMessageE10tempBuffer
                0x200708f0        0x8 c:\Users\Renzey\Workspaces\-NTU_FYP_Project_Files\ArduinoOutput\sketch\fyp_ard_fw_v01.ino.cpp.o
 .bss._ZZ13usbReceiveMSGP11RCVDMessageE5index
                0x200708f8        0x4 c:\Users\Renzey\Workspaces\-NTU_FYP_Project_Files\ArduinoOutput\sketch\fyp_ard_fw_v01.ino.cpp.o
 .bss.msgRCVD   0x200708fc       0x10 c:\Users\Renzey\Workspaces\-NTU_FYP_Project_Files\ArduinoOutput\sketch\fyp_ard_fw_v01.ino.cpp.o
                0x200708fc                msgRCVD
 .bss._ZZ13usbReceiveMSGP11RCVDMessageE9recieving
                0x2007090c        0x1 c:\Users\Renzey\Workspaces\-NTU_FYP_Project_Files\ArduinoOutput\sketch\fyp_ard_fw_v01.ino.cpp.o
 .bss._ZZ13usbReceiveMSGP11RCVDMessageE8tempByte
                0x2007090d        0x1 c:\Users\Renzey\Workspaces\-NTU_FYP_Project_Files\ArduinoOutput\sketch\fyp_ard_fw_v01.ino.cpp.o
 *fill*         0x2007090e        0x2 
 .bss.msgSEND   0x20070910        0xc c:\Users\Renzey\Workspaces\-NTU_FYP_Project_Files\ArduinoOutput\sketch\fyp_ard_fw_v01.ino.cpp.o
                0x20070910                msgSEND
 .bss.tx_buffer2
                0x2007091c       0x88 c:\Users\Renzey\Workspaces\-NTU_FYP_Project_Files\ArduinoOutput\core\variant.cpp.o
                0x2007091c                tx_buffer2
 .bss.tx_buffer1
                0x200709a4       0x88 c:\Users\Renzey\Workspaces\-NTU_FYP_Project_Files\ArduinoOutput\core\variant.cpp.o
                0x200709a4                tx_buffer1
 .bss.Serial    0x20070a2c       0x24 c:\Users\Renzey\Workspaces\-NTU_FYP_Project_Files\ArduinoOutput\core\variant.cpp.o
                0x20070a2c                Serial
 .bss.rx_buffer1
                0x20070a50       0x88 c:\Users\Renzey\Workspaces\-NTU_FYP_Project_Files\ArduinoOutput\core\variant.cpp.o
                0x20070a50                rx_buffer1
 .bss.Serial1   0x20070ad8       0x28 c:\Users\Renzey\Workspaces\-NTU_FYP_Project_Files\ArduinoOutput\core\variant.cpp.o
                0x20070ad8                Serial1
 .bss.Serial2   0x20070b00       0x28 c:\Users\Renzey\Workspaces\-NTU_FYP_Project_Files\ArduinoOutput\core\variant.cpp.o
                0x20070b00                Serial2
 .bss.Serial3   0x20070b28       0x28 c:\Users\Renzey\Workspaces\-NTU_FYP_Project_Files\ArduinoOutput\core\variant.cpp.o
                0x20070b28                Serial3
 .bss.tx_buffer3
                0x20070b50       0x88 c:\Users\Renzey\Workspaces\-NTU_FYP_Project_Files\ArduinoOutput\core\variant.cpp.o
                0x20070b50                tx_buffer3
 .bss.tx_buffer4
                0x20070bd8       0x88 c:\Users\Renzey\Workspaces\-NTU_FYP_Project_Files\ArduinoOutput\core\variant.cpp.o
                0x20070bd8                tx_buffer4
 .bss.g_pinStatus
                0x20070c60       0x4f c:\Users\Renzey\Workspaces\-NTU_FYP_Project_Files\ArduinoOutput\core\variant.cpp.o
                0x20070c60                g_pinStatus
 *fill*         0x20070caf        0x1 
 .bss.rx_buffer2
                0x20070cb0       0x88 c:\Users\Renzey\Workspaces\-NTU_FYP_Project_Files\ArduinoOutput\core\variant.cpp.o
                0x20070cb0                rx_buffer2
 .bss.rx_buffer3
                0x20070d38       0x88 c:\Users\Renzey\Workspaces\-NTU_FYP_Project_Files\ArduinoOutput\core\variant.cpp.o
                0x20070d38                rx_buffer3
 .bss.rx_buffer4
                0x20070dc0       0x88 c:\Users\Renzey\Workspaces\-NTU_FYP_Project_Files\ArduinoOutput\core\variant.cpp.o
                0x20070dc0                rx_buffer4
 .bss.gpf_isr   0x20070e48        0x4 C:\Users\Renzey\AppData\Local\Arduino15\packages\arduino\hardware\sam\1.6.11\variants\arduino_due_x/libsam_sam3x8e_gcc_rel.a(uotghs.o)
                0x20070e48                gpf_isr
 .bss.callbacksPioA
                0x20070e4c       0x80 c:\Users\Renzey\Workspaces\-NTU_FYP_Project_Files\ArduinoOutput/core\core.a(WInterrupts.c.o)
 .bss.callbacksPioB
                0x20070ecc       0x80 c:\Users\Renzey\Workspaces\-NTU_FYP_Project_Files\ArduinoOutput/core\core.a(WInterrupts.c.o)
 .bss.callbacksPioC
                0x20070f4c       0x80 c:\Users\Renzey\Workspaces\-NTU_FYP_Project_Files\ArduinoOutput/core\core.a(WInterrupts.c.o)
 .bss.callbacksPioD
                0x20070fcc       0x80 c:\Users\Renzey\Workspaces\-NTU_FYP_Project_Files\ArduinoOutput/core\core.a(WInterrupts.c.o)
 .bss.heap.6420
                0x2007104c        0x4 c:\Users\Renzey\Workspaces\-NTU_FYP_Project_Files\ArduinoOutput/core\core.a(syscalls_sam3.c.o)
 .bss._cmark    0x20071050        0x2 c:\Users\Renzey\Workspaces\-NTU_FYP_Project_Files\ArduinoOutput/core\core.a(USBCore.cpp.o)
                0x20071050                _cmark
 .bss._ZL14isEndpointHalt
                0x20071052        0x1 c:\Users\Renzey\Workspaces\-NTU_FYP_Project_Files\ArduinoOutput/core\core.a(USBCore.cpp.o)
 *fill*         0x20071053        0x1 
 .bss._cdcComposite
                0x20071054        0x4 c:\Users\Renzey\Workspaces\-NTU_FYP_Project_Files\ArduinoOutput/core\core.a(USBCore.cpp.o)
                0x20071054                _cdcComposite
 .bss._ZL21isRemoteWakeUpEnabled
                0x20071058        0x1 c:\Users\Renzey\Workspaces\-NTU_FYP_Project_Files\ArduinoOutput/core\core.a(USBCore.cpp.o)
 *fill*         0x20071059        0x3 
 .bss._usbInitialized
                0x2007105c        0x4 c:\Users\Renzey\Workspaces\-NTU_FYP_Project_Files\ArduinoOutput/core\core.a(USBCore.cpp.o)
                0x2007105c                _usbInitialized
 .bss.USBDevice
                0x20071060        0x1 c:\Users\Renzey\Workspaces\-NTU_FYP_Project_Files\ArduinoOutput/core\core.a(USBCore.cpp.o)
                0x20071060                USBDevice
 *fill*         0x20071061        0x3 
 .bss._usbSetInterface
                0x20071064        0x4 c:\Users\Renzey\Workspaces\-NTU_FYP_Project_Files\ArduinoOutput/core\core.a(USBCore.cpp.o)
                0x20071064                _usbSetInterface
 .bss._cend     0x20071068        0x2 c:\Users\Renzey\Workspaces\-NTU_FYP_Project_Files\ArduinoOutput/core\core.a(USBCore.cpp.o)
                0x20071068                _cend
 *fill*         0x2007106a        0x2 
 .bss._usbConfiguration
                0x2007106c        0x4 c:\Users\Renzey\Workspaces\-NTU_FYP_Project_Files\ArduinoOutput/core\core.a(USBCore.cpp.o)
                0x2007106c                _usbConfiguration
 .bss.cdc_rx_buffer
                0x20071070      0x208 c:\Users\Renzey\Workspaces\-NTU_FYP_Project_Files\ArduinoOutput/core\core.a(CDC.cpp.o)
                0x20071070                cdc_rx_buffer
 .bss._ZZN7Serial_6acceptEvE5guard
                0x20071278        0x4 c:\Users\Renzey\Workspaces\-NTU_FYP_Project_Files\ArduinoOutput/core\core.a(CDC.cpp.o)
 .bss.SerialUSB
                0x2007127c       0x14 c:\Users\Renzey\Workspaces\-NTU_FYP_Project_Files\ArduinoOutput/core\core.a(CDC.cpp.o)
                0x2007127c                SerialUSB
 .bss._ZZ12PluggableUSBvE3obj
                0x20071290        0x8 c:\Users\Renzey\Workspaces\-NTU_FYP_Project_Files\ArduinoOutput/core\core.a(PluggableUSB.cpp.o)
 .bss._ZGVZ12PluggableUSBvE3obj
                0x20071298        0x4 c:\Users\Renzey\Workspaces\-NTU_FYP_Project_Files\ArduinoOutput/core\core.a(PluggableUSB.cpp.o)
 .bss._dwTickCount
                0x2007129c        0x4 C:\Users\Renzey\AppData\Local\Arduino15\packages\arduino\hardware\sam\1.6.11\variants\arduino_due_x/libsam_sam3x8e_gcc_rel.a(timetick.o)
 .bss.ul_recv_fifo_ptr
                0x200712a0       0x28 C:\Users\Renzey\AppData\Local\Arduino15\packages\arduino\hardware\sam\1.6.11\variants\arduino_due_x/libsam_sam3x8e_gcc_rel.a(uotghs_device.o)
 .bss.ul_send_fifo_ptr
                0x200712c8       0x28 C:\Users\Renzey\AppData\Local\Arduino15\packages\arduino\hardware\sam\1.6.11\variants\arduino_due_x/libsam_sam3x8e_gcc_rel.a(uotghs_device.o)
 .bss.__malloc_max_total_mem
                0x200712f0        0x4 c:/users/renzey/appdata/local/arduino15/packages/arduino/tools/arm-none-eabi-gcc/4.8.3-2014q1/bin/../lib/gcc/arm-none-eabi/4.8.3/../../../../arm-none-eabi/lib/armv7-m\libg.a(lib_a-mallocr.o)
                0x200712f0                __malloc_max_total_mem
 .bss.__malloc_max_sbrked_mem
                0x200712f4        0x4 c:/users/renzey/appdata/local/arduino15/packages/arduino/tools/arm-none-eabi-gcc/4.8.3-2014q1/bin/../lib/gcc/arm-none-eabi/4.8.3/../../../../arm-none-eabi/lib/armv7-m\libg.a(lib_a-mallocr.o)
                0x200712f4                __malloc_max_sbrked_mem
 .bss.__malloc_top_pad
                0x200712f8        0x4 c:/users/renzey/appdata/local/arduino15/packages/arduino/tools/arm-none-eabi-gcc/4.8.3-2014q1/bin/../lib/gcc/arm-none-eabi/4.8.3/../../../../arm-none-eabi/lib/armv7-m\libg.a(lib_a-mallocr.o)
                0x200712f8                __malloc_top_pad
 .bss.__malloc_current_mallinfo
                0x200712fc       0x28 c:/users/renzey/appdata/local/arduino15/packages/arduino/tools/arm-none-eabi-gcc/4.8.3-2014q1/bin/../lib/gcc/arm-none-eabi/4.8.3/../../../../arm-none-eabi/lib/armv7-m\libg.a(lib_a-mallocr.o)
                0x200712fc                __malloc_current_mallinfo
 *(COMMON)
 COMMON         0x20071324        0x4 c:/users/renzey/appdata/local/arduino15/packages/arduino/tools/arm-none-eabi-gcc/4.8.3-2014q1/bin/../lib/gcc/arm-none-eabi/4.8.3/../../../../arm-none-eabi/lib/armv7-m\libg.a(lib_a-reent.o)
                0x20071324                errno
                0x20071328                . = ALIGN (0x4)
                0x20071328                _ebss = .
                0x20071328                _ezero = .
                0x20071328                . = ALIGN (0x4)
                0x20071328                _end = .

.stack_dummy    0x20071328        0x0
 *(.stack*)
                0x20088000                __StackTop = (ORIGIN (ram) + 0x18000)
                0x20088000                __StackLimit = (__StackTop - SIZEOF (.stack_dummy))
                0x20088000                PROVIDE (_sstack, __StackLimit)
                0x20088000                PROVIDE (_estack, __StackTop)
OUTPUT(c:\Users\Renzey\Workspaces\-NTU_FYP_Project_Files\ArduinoOutput/fyp_ard_fw_v01.ino.elf elf32-littlearm)

.ARM.attributes
                0x00000000       0x29
 .ARM.attributes
                0x00000000       0x1d c:/users/renzey/appdata/local/arduino15/packages/arduino/tools/arm-none-eabi-gcc/4.8.3-2014q1/bin/../lib/gcc/arm-none-eabi/4.8.3/armv7-m/crti.o
 .ARM.attributes
                0x0000001d       0x2d c:/users/renzey/appdata/local/arduino15/packages/arduino/tools/arm-none-eabi-gcc/4.8.3-2014q1/bin/../lib/gcc/arm-none-eabi/4.8.3/armv7-m/crtbegin.o
 .ARM.attributes
                0x0000004a       0x33 c:\Users\Renzey\Workspaces\-NTU_FYP_Project_Files\ArduinoOutput\sketch\fyp_ard_fw_v01.ino.cpp.o
 .ARM.attributes
                0x0000007d       0x33 c:\Users\Renzey\Workspaces\-NTU_FYP_Project_Files\ArduinoOutput\core\variant.cpp.o
 .ARM.attributes
                0x000000b0       0x33 C:\Users\Renzey\AppData\Local\Arduino15\packages\arduino\hardware\sam\1.6.11\variants\arduino_due_x/libsam_sam3x8e_gcc_rel.a(pio.o)
 .ARM.attributes
                0x000000e3       0x33 C:\Users\Renzey\AppData\Local\Arduino15\packages\arduino\hardware\sam\1.6.11\variants\arduino_due_x/libsam_sam3x8e_gcc_rel.a(pmc.o)
 .ARM.attributes
                0x00000116       0x33 C:\Users\Renzey\AppData\Local\Arduino15\packages\arduino\hardware\sam\1.6.11\variants\arduino_due_x/libsam_sam3x8e_gcc_rel.a(system_sam3xa.o)
 .ARM.attributes
                0x00000149       0x33 C:\Users\Renzey\AppData\Local\Arduino15\packages\arduino\hardware\sam\1.6.11\variants\arduino_due_x/libsam_sam3x8e_gcc_rel.a(startup_sam3xa.o)
 .ARM.attributes
                0x0000017c       0x33 C:\Users\Renzey\AppData\Local\Arduino15\packages\arduino\hardware\sam\1.6.11\variants\arduino_due_x/libsam_sam3x8e_gcc_rel.a(adc.o)
 .ARM.attributes
                0x000001af       0x33 C:\Users\Renzey\AppData\Local\Arduino15\packages\arduino\hardware\sam\1.6.11\variants\arduino_due_x/libsam_sam3x8e_gcc_rel.a(uotghs.o)
 .ARM.attributes
                0x000001e2       0x33 c:\Users\Renzey\Workspaces\-NTU_FYP_Project_Files\ArduinoOutput/core\core.a(RingBuffer.cpp.o)
 .ARM.attributes
                0x00000215       0x33 c:\Users\Renzey\Workspaces\-NTU_FYP_Project_Files\ArduinoOutput/core\core.a(UARTClass.cpp.o)
 .ARM.attributes
                0x00000248       0x33 c:\Users\Renzey\Workspaces\-NTU_FYP_Project_Files\ArduinoOutput/core\core.a(USARTClass.cpp.o)
 .ARM.attributes
                0x0000027b       0x33 c:\Users\Renzey\Workspaces\-NTU_FYP_Project_Files\ArduinoOutput/core\core.a(WInterrupts.c.o)
 .ARM.attributes
                0x000002ae       0x33 c:\Users\Renzey\Workspaces\-NTU_FYP_Project_Files\ArduinoOutput/core\core.a(cortex_handlers.c.o)
 .ARM.attributes
                0x000002e1       0x33 c:\Users\Renzey\Workspaces\-NTU_FYP_Project_Files\ArduinoOutput/core\core.a(hooks.c.o)
 .ARM.attributes
                0x00000314       0x33 c:\Users\Renzey\Workspaces\-NTU_FYP_Project_Files\ArduinoOutput/core\core.a(main.cpp.o)
 .ARM.attributes
                0x00000347       0x33 c:\Users\Renzey\Workspaces\-NTU_FYP_Project_Files\ArduinoOutput/core\core.a(syscalls_sam3.c.o)
 .ARM.attributes
                0x0000037a       0x33 c:\Users\Renzey\Workspaces\-NTU_FYP_Project_Files\ArduinoOutput/core\core.a(watchdog.cpp.o)
 .ARM.attributes
                0x000003ad       0x33 c:\Users\Renzey\Workspaces\-NTU_FYP_Project_Files\ArduinoOutput/core\core.a(wiring.c.o)
 .ARM.attributes
                0x000003e0       0x33 c:\Users\Renzey\Workspaces\-NTU_FYP_Project_Files\ArduinoOutput/core\core.a(wiring_analog.c.o)
 .ARM.attributes
                0x00000413       0x33 c:\Users\Renzey\Workspaces\-NTU_FYP_Project_Files\ArduinoOutput/core\core.a(wiring_digital.c.o)
 .ARM.attributes
                0x00000446       0x33 c:\Users\Renzey\Workspaces\-NTU_FYP_Project_Files\ArduinoOutput/core\core.a(Print.cpp.o)
 .ARM.attributes
                0x00000479       0x33 c:\Users\Renzey\Workspaces\-NTU_FYP_Project_Files\ArduinoOutput/core\core.a(Reset.cpp.o)
 .ARM.attributes
                0x000004ac       0x33 c:\Users\Renzey\Workspaces\-NTU_FYP_Project_Files\ArduinoOutput/core\core.a(USBCore.cpp.o)
 .ARM.attributes
                0x000004df       0x33 c:\Users\Renzey\Workspaces\-NTU_FYP_Project_Files\ArduinoOutput/core\core.a(CDC.cpp.o)
 .ARM.attributes
                0x00000512       0x33 c:\Users\Renzey\Workspaces\-NTU_FYP_Project_Files\ArduinoOutput/core\core.a(PluggableUSB.cpp.o)
 .ARM.attributes
                0x00000545       0x33 C:\Users\Renzey\AppData\Local\Arduino15\packages\arduino\hardware\sam\1.6.11\variants\arduino_due_x/libsam_sam3x8e_gcc_rel.a(timetick.o)
 .ARM.attributes
                0x00000578       0x33 C:\Users\Renzey\AppData\Local\Arduino15\packages\arduino\hardware\sam\1.6.11\variants\arduino_due_x/libsam_sam3x8e_gcc_rel.a(wdt.o)
 .ARM.attributes
                0x000005ab       0x33 C:\Users\Renzey\AppData\Local\Arduino15\packages\arduino\hardware\sam\1.6.11\variants\arduino_due_x/libsam_sam3x8e_gcc_rel.a(interrupt_sam_nvic.o)
 .ARM.attributes
                0x000005de       0x33 C:\Users\Renzey\AppData\Local\Arduino15\packages\arduino\hardware\sam\1.6.11\variants\arduino_due_x/libsam_sam3x8e_gcc_rel.a(uotghs_device.o)
 .ARM.attributes
                0x00000611       0x2d c:/users/renzey/appdata/local/arduino15/packages/arduino/tools/arm-none-eabi-gcc/4.8.3-2014q1/bin/../lib/gcc/arm-none-eabi/4.8.3/../../../../arm-none-eabi/lib/armv7-m\libg.a(lib_a-impure.o)
 .ARM.attributes
                0x0000063e       0x2d c:/users/renzey/appdata/local/arduino15/packages/arduino/tools/arm-none-eabi-gcc/4.8.3-2014q1/bin/../lib/gcc/arm-none-eabi/4.8.3/../../../../arm-none-eabi/lib/armv7-m\libg.a(lib_a-init.o)
 .ARM.attributes
                0x0000066b       0x2d c:/users/renzey/appdata/local/arduino15/packages/arduino/tools/arm-none-eabi-gcc/4.8.3-2014q1/bin/../lib/gcc/arm-none-eabi/4.8.3/../../../../arm-none-eabi/lib/armv7-m\libg.a(lib_a-iprintf.o)
 .ARM.attributes
                0x00000698       0x2d c:/users/renzey/appdata/local/arduino15/packages/arduino/tools/arm-none-eabi-gcc/4.8.3-2014q1/bin/../lib/gcc/arm-none-eabi/4.8.3/../../../../arm-none-eabi/lib/armv7-m\libg.a(lib_a-memset.o)
 .ARM.attributes
                0x000006c5       0x2d c:/users/renzey/appdata/local/arduino15/packages/arduino/tools/arm-none-eabi-gcc/4.8.3-2014q1/bin/../lib/gcc/arm-none-eabi/4.8.3/../../../../arm-none-eabi/lib/armv7-m\libg.a(lib_a-strlen.o)
 .ARM.attributes
                0x000006f2       0x2d c:/users/renzey/appdata/local/arduino15/packages/arduino/tools/arm-none-eabi-gcc/4.8.3-2014q1/bin/../lib/gcc/arm-none-eabi/4.8.3/../../../../arm-none-eabi/lib/armv7-m\libg.a(lib_a-syskill.o)
 .ARM.attributes
                0x0000071f       0x2d c:/users/renzey/appdata/local/arduino15/packages/arduino/tools/arm-none-eabi-gcc/4.8.3-2014q1/bin/../lib/gcc/arm-none-eabi/4.8.3/../../../../arm-none-eabi/lib/armv7-m\libg.a(lib_a-vfiprintf.o)
 .ARM.attributes
                0x0000074c       0x2d c:/users/renzey/appdata/local/arduino15/packages/arduino/tools/arm-none-eabi-gcc/4.8.3-2014q1/bin/../lib/gcc/arm-none-eabi/4.8.3/../../../../arm-none-eabi/lib/armv7-m\libg.a(lib_a-wsetup.o)
 .ARM.attributes
                0x00000779       0x2d c:/users/renzey/appdata/local/arduino15/packages/arduino/tools/arm-none-eabi-gcc/4.8.3-2014q1/bin/../lib/gcc/arm-none-eabi/4.8.3/../../../../arm-none-eabi/lib/armv7-m\libg.a(lib_a-__call_atexit.o)
 .ARM.attributes
                0x000007a6       0x2d c:/users/renzey/appdata/local/arduino15/packages/arduino/tools/arm-none-eabi-gcc/4.8.3-2014q1/bin/../lib/gcc/arm-none-eabi/4.8.3/../../../../arm-none-eabi/lib/armv7-m\libg.a(lib_a-atexit.o)
 .ARM.attributes
                0x000007d3       0x2d c:/users/renzey/appdata/local/arduino15/packages/arduino/tools/arm-none-eabi-gcc/4.8.3-2014q1/bin/../lib/gcc/arm-none-eabi/4.8.3/../../../../arm-none-eabi/lib/armv7-m\libg.a(lib_a-fflush.o)
 .ARM.attributes
                0x00000800       0x2d c:/users/renzey/appdata/local/arduino15/packages/arduino/tools/arm-none-eabi-gcc/4.8.3-2014q1/bin/../lib/gcc/arm-none-eabi/4.8.3/../../../../arm-none-eabi/lib/armv7-m\libg.a(lib_a-findfp.o)
 .ARM.attributes
                0x0000082d       0x2d c:/users/renzey/appdata/local/arduino15/packages/arduino/tools/arm-none-eabi-gcc/4.8.3-2014q1/bin/../lib/gcc/arm-none-eabi/4.8.3/../../../../arm-none-eabi/lib/armv7-m\libg.a(lib_a-fini.o)
 .ARM.attributes
                0x0000085a       0x2d c:/users/renzey/appdata/local/arduino15/packages/arduino/tools/arm-none-eabi-gcc/4.8.3-2014q1/bin/../lib/gcc/arm-none-eabi/4.8.3/../../../../arm-none-eabi/lib/armv7-m\libg.a(lib_a-fputwc.o)
 .ARM.attributes
                0x00000887       0x2d c:/users/renzey/appdata/local/arduino15/packages/arduino/tools/arm-none-eabi-gcc/4.8.3-2014q1/bin/../lib/gcc/arm-none-eabi/4.8.3/../../../../arm-none-eabi/lib/armv7-m\libg.a(lib_a-freer.o)
 .ARM.attributes
                0x000008b4       0x2d c:/users/renzey/appdata/local/arduino15/packages/arduino/tools/arm-none-eabi-gcc/4.8.3-2014q1/bin/../lib/gcc/arm-none-eabi/4.8.3/../../../../arm-none-eabi/lib/armv7-m\libg.a(lib_a-fvwrite.o)
 .ARM.attributes
                0x000008e1       0x2d c:/users/renzey/appdata/local/arduino15/packages/arduino/tools/arm-none-eabi-gcc/4.8.3-2014q1/bin/../lib/gcc/arm-none-eabi/4.8.3/../../../../arm-none-eabi/lib/armv7-m\libg.a(lib_a-fwalk.o)
 .ARM.attributes
                0x0000090e       0x2d c:/users/renzey/appdata/local/arduino15/packages/arduino/tools/arm-none-eabi-gcc/4.8.3-2014q1/bin/../lib/gcc/arm-none-eabi/4.8.3/../../../../arm-none-eabi/lib/armv7-m\libg.a(lib_a-locale.o)
 .ARM.attributes
                0x0000093b       0x2d c:/users/renzey/appdata/local/arduino15/packages/arduino/tools/arm-none-eabi-gcc/4.8.3-2014q1/bin/../lib/gcc/arm-none-eabi/4.8.3/../../../../arm-none-eabi/lib/armv7-m\libg.a(lib_a-makebuf.o)
 .ARM.attributes
                0x00000968       0x2d c:/users/renzey/appdata/local/arduino15/packages/arduino/tools/arm-none-eabi-gcc/4.8.3-2014q1/bin/../lib/gcc/arm-none-eabi/4.8.3/../../../../arm-none-eabi/lib/armv7-m\libg.a(lib_a-mallocr.o)
 .ARM.attributes
                0x00000995       0x2d c:/users/renzey/appdata/local/arduino15/packages/arduino/tools/arm-none-eabi-gcc/4.8.3-2014q1/bin/../lib/gcc/arm-none-eabi/4.8.3/../../../../arm-none-eabi/lib/armv7-m\libg.a(lib_a-memchr-stub.o)
 .ARM.attributes
                0x000009c2       0x1b c:/users/renzey/appdata/local/arduino15/packages/arduino/tools/arm-none-eabi-gcc/4.8.3-2014q1/bin/../lib/gcc/arm-none-eabi/4.8.3/../../../../arm-none-eabi/lib/armv7-m\libg.a(lib_a-memcpy.o)
 .ARM.attributes
                0x000009dd       0x2d c:/users/renzey/appdata/local/arduino15/packages/arduino/tools/arm-none-eabi-gcc/4.8.3-2014q1/bin/../lib/gcc/arm-none-eabi/4.8.3/../../../../arm-none-eabi/lib/armv7-m\libg.a(lib_a-memmove.o)
 .ARM.attributes
                0x00000a0a       0x2d c:/users/renzey/appdata/local/arduino15/packages/arduino/tools/arm-none-eabi-gcc/4.8.3-2014q1/bin/../lib/gcc/arm-none-eabi/4.8.3/../../../../arm-none-eabi/lib/armv7-m\libg.a(lib_a-mlock.o)
 .ARM.attributes
                0x00000a37       0x2d c:/users/renzey/appdata/local/arduino15/packages/arduino/tools/arm-none-eabi-gcc/4.8.3-2014q1/bin/../lib/gcc/arm-none-eabi/4.8.3/../../../../arm-none-eabi/lib/armv7-m\libg.a(lib_a-reallocr.o)
 .ARM.attributes
                0x00000a64       0x2d c:/users/renzey/appdata/local/arduino15/packages/arduino/tools/arm-none-eabi-gcc/4.8.3-2014q1/bin/../lib/gcc/arm-none-eabi/4.8.3/../../../../arm-none-eabi/lib/armv7-m\libg.a(lib_a-sbrkr.o)
 .ARM.attributes
                0x00000a91       0x2d c:/users/renzey/appdata/local/arduino15/packages/arduino/tools/arm-none-eabi-gcc/4.8.3-2014q1/bin/../lib/gcc/arm-none-eabi/4.8.3/../../../../arm-none-eabi/lib/armv7-m\libg.a(lib_a-signalr.o)
 .ARM.attributes
                0x00000abe       0x2d c:/users/renzey/appdata/local/arduino15/packages/arduino/tools/arm-none-eabi-gcc/4.8.3-2014q1/bin/../lib/gcc/arm-none-eabi/4.8.3/../../../../arm-none-eabi/lib/armv7-m\libg.a(lib_a-stdio.o)
 .ARM.attributes
                0x00000aeb       0x2d c:/users/renzey/appdata/local/arduino15/packages/arduino/tools/arm-none-eabi-gcc/4.8.3-2014q1/bin/../lib/gcc/arm-none-eabi/4.8.3/../../../../arm-none-eabi/lib/armv7-m\libg.a(lib_a-wbuf.o)
 .ARM.attributes
                0x00000b18       0x2d c:/users/renzey/appdata/local/arduino15/packages/arduino/tools/arm-none-eabi-gcc/4.8.3-2014q1/bin/../lib/gcc/arm-none-eabi/4.8.3/../../../../arm-none-eabi/lib/armv7-m\libg.a(lib_a-wcrtomb.o)
 .ARM.attributes
                0x00000b45       0x2d c:/users/renzey/appdata/local/arduino15/packages/arduino/tools/arm-none-eabi-gcc/4.8.3-2014q1/bin/../lib/gcc/arm-none-eabi/4.8.3/../../../../arm-none-eabi/lib/armv7-m\libg.a(lib_a-wctomb_r.o)
 .ARM.attributes
                0x00000b72       0x2d c:/users/renzey/appdata/local/arduino15/packages/arduino/tools/arm-none-eabi-gcc/4.8.3-2014q1/bin/../lib/gcc/arm-none-eabi/4.8.3/../../../../arm-none-eabi/lib/armv7-m\libg.a(lib_a-writer.o)
 .ARM.attributes
                0x00000b9f       0x2d c:/users/renzey/appdata/local/arduino15/packages/arduino/tools/arm-none-eabi-gcc/4.8.3-2014q1/bin/../lib/gcc/arm-none-eabi/4.8.3/../../../../arm-none-eabi/lib/armv7-m\libg.a(lib_a-__atexit.o)
 .ARM.attributes
                0x00000bcc       0x2d c:/users/renzey/appdata/local/arduino15/packages/arduino/tools/arm-none-eabi-gcc/4.8.3-2014q1/bin/../lib/gcc/arm-none-eabi/4.8.3/../../../../arm-none-eabi/lib/armv7-m\libg.a(lib_a-closer.o)
 .ARM.attributes
                0x00000bf9       0x2d c:/users/renzey/appdata/local/arduino15/packages/arduino/tools/arm-none-eabi-gcc/4.8.3-2014q1/bin/../lib/gcc/arm-none-eabi/4.8.3/../../../../arm-none-eabi/lib/armv7-m\libg.a(lib_a-fclose.o)
 .ARM.attributes
                0x00000c26       0x2d c:/users/renzey/appdata/local/arduino15/packages/arduino/tools/arm-none-eabi-gcc/4.8.3-2014q1/bin/../lib/gcc/arm-none-eabi/4.8.3/../../../../arm-none-eabi/lib/armv7-m\libg.a(lib_a-fstatr.o)
 .ARM.attributes
                0x00000c53       0x2d c:/users/renzey/appdata/local/arduino15/packages/arduino/tools/arm-none-eabi-gcc/4.8.3-2014q1/bin/../lib/gcc/arm-none-eabi/4.8.3/../../../../arm-none-eabi/lib/armv7-m\libg.a(lib_a-isattyr.o)
 .ARM.attributes
                0x00000c80       0x2d c:/users/renzey/appdata/local/arduino15/packages/arduino/tools/arm-none-eabi-gcc/4.8.3-2014q1/bin/../lib/gcc/arm-none-eabi/4.8.3/../../../../arm-none-eabi/lib/armv7-m\libg.a(lib_a-lseekr.o)
 .ARM.attributes
                0x00000cad       0x2d c:/users/renzey/appdata/local/arduino15/packages/arduino/tools/arm-none-eabi-gcc/4.8.3-2014q1/bin/../lib/gcc/arm-none-eabi/4.8.3/../../../../arm-none-eabi/lib/armv7-m\libg.a(lib_a-readr.o)
 .ARM.attributes
                0x00000cda       0x2d c:/users/renzey/appdata/local/arduino15/packages/arduino/tools/arm-none-eabi-gcc/4.8.3-2014q1/bin/../lib/gcc/arm-none-eabi/4.8.3/../../../../arm-none-eabi/lib/armv7-m\libg.a(lib_a-reent.o)
 .ARM.attributes
                0x00000d07       0x1d c:/users/renzey/appdata/local/arduino15/packages/arduino/tools/arm-none-eabi-gcc/4.8.3-2014q1/bin/../lib/gcc/arm-none-eabi/4.8.3/armv7-m\libgcc.a(_aeabi_uldivmod.o)
 .ARM.attributes
                0x00000d24       0x2d c:/users/renzey/appdata/local/arduino15/packages/arduino/tools/arm-none-eabi-gcc/4.8.3-2014q1/bin/../lib/gcc/arm-none-eabi/4.8.3/armv7-m\libgcc.a(bpabi.o)
 .ARM.attributes
                0x00000d51       0x1d c:/users/renzey/appdata/local/arduino15/packages/arduino/tools/arm-none-eabi-gcc/4.8.3-2014q1/bin/../lib/gcc/arm-none-eabi/4.8.3/armv7-m\libgcc.a(_dvmd_tls.o)
 .ARM.attributes
                0x00000d6e       0x2d c:/users/renzey/appdata/local/arduino15/packages/arduino/tools/arm-none-eabi-gcc/4.8.3-2014q1/bin/../lib/gcc/arm-none-eabi/4.8.3/armv7-m\libgcc.a(_divdi3.o)
 .ARM.attributes
                0x00000d9b       0x2d c:/users/renzey/appdata/local/arduino15/packages/arduino/tools/arm-none-eabi-gcc/4.8.3-2014q1/bin/../lib/gcc/arm-none-eabi/4.8.3/armv7-m\libgcc.a(_udivdi3.o)
 .ARM.attributes
                0x00000dc8       0x1d c:/users/renzey/appdata/local/arduino15/packages/arduino/tools/arm-none-eabi-gcc/4.8.3-2014q1/bin/../lib/gcc/arm-none-eabi/4.8.3/armv7-m/crtn.o

.comment        0x00000000       0x70
 .comment       0x00000000       0x70 c:\Users\Renzey\Workspaces\-NTU_FYP_Project_Files\ArduinoOutput\sketch\fyp_ard_fw_v01.ino.cpp.o
                                 0x71 (size before relaxing)
 .comment       0x00000000       0x71 c:\Users\Renzey\Workspaces\-NTU_FYP_Project_Files\ArduinoOutput\core\variant.cpp.o
 .comment       0x00000000       0x71 C:\Users\Renzey\AppData\Local\Arduino15\packages\arduino\hardware\sam\1.6.11\variants\arduino_due_x/libsam_sam3x8e_gcc_rel.a(pio.o)
 .comment       0x00000000       0x71 C:\Users\Renzey\AppData\Local\Arduino15\packages\arduino\hardware\sam\1.6.11\variants\arduino_due_x/libsam_sam3x8e_gcc_rel.a(pmc.o)